Archive member included because of file (symbol)

c:/ostrannastudio/tools/gcc/bin/../lib/gcc/arm-none-eabi/4.8.3/../../../../arm-none-eabi/lib/armv7-m\libg.a(lib_a-memset.o)
                              ./Common/kl_lib/clocking_L1xx.o (memset)

Allocating common symbols
Common symbol       size              file

dbg_trace_buffer    0x408             ./Common/os/kernel/src/chdebug.o
dbg_panic_msg       0x4               ./Common/os/kernel/src/chdebug.o
dbg_isr_cnt         0x4               ./Common/os/kernel/src/chdebug.o
vtlist              0x10              ./Common/os/kernel/src/chvt.o
rlist               0x1c              ./Common/os/kernel/src/chschd.o
dbg_lock_cnt        0x4               ./Common/os/kernel/src/chdebug.o
_idle_thread_wa     0xa8              ./Common/os/kernel/src/chsys.o

Discarded input sections

 .text          0x00000000        0x0 ./src/application.o
 .data          0x00000000        0x0 ./src/application.o
 .bss           0x00000000        0x0 ./src/application.o
 .text._init    0x00000000        0x2 ./src/application.o
 .text._Z3Ackh  0x00000000       0x28 ./src/application.o
 .text._Z15UartCmdCallbackhPhm
                0x00000000        0xc ./src/application.o
 .rodata.str1.1
                0x00000000        0x9 ./src/application.o
 .bss.App       0x00000000        0x4 ./src/application.o
 .debug_info    0x00000000      0x7a9 ./src/application.o
 .debug_abbrev  0x00000000      0x2d2 ./src/application.o
 .debug_loc     0x00000000       0xdd ./src/application.o
 .debug_aranges
                0x00000000       0x30 ./src/application.o
 .debug_ranges  0x00000000       0x40 ./src/application.o
 .debug_line    0x00000000      0x20d ./src/application.o
 .debug_str     0x00000000      0x661 ./src/application.o
 .comment       0x00000000       0x71 ./src/application.o
 .ARM.attributes
                0x00000000       0x33 ./src/application.o
 .debug_frame   0x00000000       0x50 ./src/application.o
 .text          0x00000000        0x0 ./src/main.o
 .data          0x00000000        0x0 ./src/main.o
 .bss           0x00000000        0x0 ./src/main.o
 .text._init    0x00000000        0x2 ./src/main.o
 .text          0x00000000        0x0 ./src/radio.o
 .data          0x00000000        0x0 ./src/radio.o
 .bss           0x00000000        0x0 ./src/radio.o
 .text._init    0x00000000        0x2 ./src/radio.o
 .group         0x00000000        0x8 ./Radio/cc1101.o
 .group         0x00000000        0x8 ./Radio/cc1101.o
 .text          0x00000000        0x0 ./Radio/cc1101.o
 .data          0x00000000        0x0 ./Radio/cc1101.o
 .bss           0x00000000        0x0 ./Radio/cc1101.o
 .text.unlikely._ZL14PinClockEnableP12GPIO_TypeDef.part.0
                0x00000000       0x10 ./Radio/cc1101.o
 .text._init    0x00000000        0x2 ./Radio/cc1101.o
 .text._ZN8cc1101_t8RSSI_dBmEh
                0x00000000       0x18 ./Radio/cc1101.o
 .text._ZN8cc1101_t12ReadRegisterEh
                0x00000000       0x2c ./Radio/cc1101.o
 .text._ZN8cc1101_t8ReadFIFOEP6rPkt_t
                0x00000000       0x68 ./Radio/cc1101.o
 .text._ZN8cc1101_t8ReadRSSIEv
                0x00000000       0x16 ./Radio/cc1101.o
 .text._ZN8cc1101_t11ReceiveSyncEmP6rPkt_t
                0x00000000       0x64 ./Radio/cc1101.o
 .text._ZN8cc1101_t12ReceiveAsyncEv
                0x00000000       0x1a ./Radio/cc1101.o
 .text._ZN8cc1101_t12TransmitSyncEP6rPkt_t
                0x00000000       0x48 ./Radio/cc1101.o
 .text          0x00000000        0x0 ./Common/os/ports/common/ARMCMx/nvic.o
 .data          0x00000000        0x0 ./Common/os/ports/common/ARMCMx/nvic.o
 .bss           0x00000000        0x0 ./Common/os/ports/common/ARMCMx/nvic.o
 .text.nvicDisableVector
                0x00000000       0x3c ./Common/os/ports/common/ARMCMx/nvic.o
 .text          0x00000000        0x0 ./Common/os/ports/GCC/ARMCMx/STM32L1xx/vectors.o
 .data          0x00000000        0x0 ./Common/os/ports/GCC/ARMCMx/STM32L1xx/vectors.o
 .bss           0x00000000        0x0 ./Common/os/ports/GCC/ARMCMx/STM32L1xx/vectors.o
 .text          0x00000000        0x0 ./Common/os/ports/GCC/ARMCMx/chcore.o
 .data          0x00000000        0x0 ./Common/os/ports/GCC/ARMCMx/chcore.o
 .bss           0x00000000        0x0 ./Common/os/ports/GCC/ARMCMx/chcore.o
 .text.port_halt
                0x00000000        0x4 ./Common/os/ports/GCC/ARMCMx/chcore.o
 .debug_info    0x00000000       0x92 ./Common/os/ports/GCC/ARMCMx/chcore.o
 .debug_abbrev  0x00000000       0x42 ./Common/os/ports/GCC/ARMCMx/chcore.o
 .debug_aranges
                0x00000000       0x20 ./Common/os/ports/GCC/ARMCMx/chcore.o
 .debug_ranges  0x00000000       0x10 ./Common/os/ports/GCC/ARMCMx/chcore.o
 .debug_line    0x00000000       0x83 ./Common/os/ports/GCC/ARMCMx/chcore.o
 .debug_str     0x00000000      0x1e0 ./Common/os/ports/GCC/ARMCMx/chcore.o
 .comment       0x00000000       0x71 ./Common/os/ports/GCC/ARMCMx/chcore.o
 .ARM.attributes
                0x00000000       0x33 ./Common/os/ports/GCC/ARMCMx/chcore.o
 .debug_frame   0x00000000       0x20 ./Common/os/ports/GCC/ARMCMx/chcore.o
 .text          0x00000000        0x0 ./Common/os/ports/GCC/ARMCMx/chcore_v7m.o
 .data          0x00000000        0x0 ./Common/os/ports/GCC/ARMCMx/chcore_v7m.o
 .bss           0x00000000        0x0 ./Common/os/ports/GCC/ARMCMx/chcore_v7m.o
 .text          0x00000000        0x0 ./Common/os/ports/GCC/ARMCMx/crt0.o
 .data          0x00000000        0x0 ./Common/os/ports/GCC/ARMCMx/crt0.o
 .bss           0x00000000        0x0 ./Common/os/ports/GCC/ARMCMx/crt0.o
 .text          0x00000000        0x0 ./Common/os/kernel/src/chcond.o
 .data          0x00000000        0x0 ./Common/os/kernel/src/chcond.o
 .bss           0x00000000        0x0 ./Common/os/kernel/src/chcond.o
 .debug_info    0x00000000       0x79 ./Common/os/kernel/src/chcond.o
 .debug_abbrev  0x00000000       0x26 ./Common/os/kernel/src/chcond.o
 .debug_aranges
                0x00000000       0x18 ./Common/os/kernel/src/chcond.o
 .debug_line    0x00000000       0x1d ./Common/os/kernel/src/chcond.o
 .debug_str     0x00000000      0x1d0 ./Common/os/kernel/src/chcond.o
 .comment       0x00000000       0x71 ./Common/os/kernel/src/chcond.o
 .ARM.attributes
                0x00000000       0x33 ./Common/os/kernel/src/chcond.o
 .text          0x00000000        0x0 ./Common/os/kernel/src/chdebug.o
 .data          0x00000000        0x0 ./Common/os/kernel/src/chdebug.o
 .bss           0x00000000        0x0 ./Common/os/kernel/src/chdebug.o
 .text.dbg_check_disable
                0x00000000       0x20 ./Common/os/kernel/src/chdebug.o
 .text.dbg_check_suspend
                0x00000000       0x20 ./Common/os/kernel/src/chdebug.o
 .text          0x00000000        0x0 ./Common/os/kernel/src/chdynamic.o
 .data          0x00000000        0x0 ./Common/os/kernel/src/chdynamic.o
 .bss           0x00000000        0x0 ./Common/os/kernel/src/chdynamic.o
 .debug_info    0x00000000       0x79 ./Common/os/kernel/src/chdynamic.o
 .debug_abbrev  0x00000000       0x26 ./Common/os/kernel/src/chdynamic.o
 .debug_aranges
                0x00000000       0x18 ./Common/os/kernel/src/chdynamic.o
 .debug_line    0x00000000       0x1d ./Common/os/kernel/src/chdynamic.o
 .debug_str     0x00000000      0x1d3 ./Common/os/kernel/src/chdynamic.o
 .comment       0x00000000       0x71 ./Common/os/kernel/src/chdynamic.o
 .ARM.attributes
                0x00000000       0x33 ./Common/os/kernel/src/chdynamic.o
 .text          0x00000000        0x0 ./Common/os/kernel/src/chevents.o
 .data          0x00000000        0x0 ./Common/os/kernel/src/chevents.o
 .bss           0x00000000        0x0 ./Common/os/kernel/src/chevents.o
 .text.chEvtRegisterMask
                0x00000000       0x44 ./Common/os/kernel/src/chevents.o
 .text.chEvtUnregister
                0x00000000       0x40 ./Common/os/kernel/src/chevents.o
 .text.chEvtGetAndClearEvents
                0x00000000       0x30 ./Common/os/kernel/src/chevents.o
 .text.chEvtAddEvents
                0x00000000       0x2c ./Common/os/kernel/src/chevents.o
 .text.chEvtGetAndClearFlags
                0x00000000       0x22 ./Common/os/kernel/src/chevents.o
 .text.chEvtSignalI
                0x00000000       0x48 ./Common/os/kernel/src/chevents.o
 .text.chEvtBroadcastFlagsI
                0x00000000       0x30 ./Common/os/kernel/src/chevents.o
 .text.chEvtSignal
                0x00000000       0x34 ./Common/os/kernel/src/chevents.o
 .text.chEvtBroadcastFlags
                0x00000000       0x28 ./Common/os/kernel/src/chevents.o
 .text.chEvtGetAndClearFlagsI
                0x00000000        0xa ./Common/os/kernel/src/chevents.o
 .text.chEvtDispatch
                0x00000000       0x48 ./Common/os/kernel/src/chevents.o
 .text.chEvtWaitOne
                0x00000000       0x44 ./Common/os/kernel/src/chevents.o
 .text.chEvtWaitAny
                0x00000000       0x40 ./Common/os/kernel/src/chevents.o
 .text.chEvtWaitAll
                0x00000000       0x3c ./Common/os/kernel/src/chevents.o
 .rodata.str1.1
                0x00000000       0x89 ./Common/os/kernel/src/chevents.o
 .debug_info    0x00000000      0xc21 ./Common/os/kernel/src/chevents.o
 .debug_abbrev  0x00000000      0x2c8 ./Common/os/kernel/src/chevents.o
 .debug_loc     0x00000000      0x4de ./Common/os/kernel/src/chevents.o
 .debug_aranges
                0x00000000       0x88 ./Common/os/kernel/src/chevents.o
 .debug_ranges  0x00000000       0xa8 ./Common/os/kernel/src/chevents.o
 .debug_line    0x00000000      0x302 ./Common/os/kernel/src/chevents.o
 .debug_str     0x00000000      0x516 ./Common/os/kernel/src/chevents.o
 .comment       0x00000000       0x71 ./Common/os/kernel/src/chevents.o
 .ARM.attributes
                0x00000000       0x33 ./Common/os/kernel/src/chevents.o
 .debug_frame   0x00000000      0x18c ./Common/os/kernel/src/chevents.o
 .text          0x00000000        0x0 ./Common/os/kernel/src/chheap.o
 .data          0x00000000        0x0 ./Common/os/kernel/src/chheap.o
 .bss           0x00000000        0x0 ./Common/os/kernel/src/chheap.o
 .debug_info    0x00000000       0x79 ./Common/os/kernel/src/chheap.o
 .debug_abbrev  0x00000000       0x26 ./Common/os/kernel/src/chheap.o
 .debug_aranges
                0x00000000       0x18 ./Common/os/kernel/src/chheap.o
 .debug_line    0x00000000       0x1d ./Common/os/kernel/src/chheap.o
 .debug_str     0x00000000      0x1d0 ./Common/os/kernel/src/chheap.o
 .comment       0x00000000       0x71 ./Common/os/kernel/src/chheap.o
 .ARM.attributes
                0x00000000       0x33 ./Common/os/kernel/src/chheap.o
 .text          0x00000000        0x0 ./Common/os/kernel/src/chlists.o
 .data          0x00000000        0x0 ./Common/os/kernel/src/chlists.o
 .bss           0x00000000        0x0 ./Common/os/kernel/src/chlists.o
 .debug_info    0x00000000       0x79 ./Common/os/kernel/src/chlists.o
 .debug_abbrev  0x00000000       0x26 ./Common/os/kernel/src/chlists.o
 .debug_aranges
                0x00000000       0x18 ./Common/os/kernel/src/chlists.o
 .debug_line    0x00000000       0x1d ./Common/os/kernel/src/chlists.o
 .debug_str     0x00000000      0x1d1 ./Common/os/kernel/src/chlists.o
 .comment       0x00000000       0x71 ./Common/os/kernel/src/chlists.o
 .ARM.attributes
                0x00000000       0x33 ./Common/os/kernel/src/chlists.o
 .text          0x00000000        0x0 ./Common/os/kernel/src/chmboxes.o
 .data          0x00000000        0x0 ./Common/os/kernel/src/chmboxes.o
 .bss           0x00000000        0x0 ./Common/os/kernel/src/chmboxes.o
 .debug_info    0x00000000       0x79 ./Common/os/kernel/src/chmboxes.o
 .debug_abbrev  0x00000000       0x26 ./Common/os/kernel/src/chmboxes.o
 .debug_aranges
                0x00000000       0x18 ./Common/os/kernel/src/chmboxes.o
 .debug_line    0x00000000       0x1d ./Common/os/kernel/src/chmboxes.o
 .debug_str     0x00000000      0x1d2 ./Common/os/kernel/src/chmboxes.o
 .comment       0x00000000       0x71 ./Common/os/kernel/src/chmboxes.o
 .ARM.attributes
                0x00000000       0x33 ./Common/os/kernel/src/chmboxes.o
 .text          0x00000000        0x0 ./Common/os/kernel/src/chmemcore.o
 .data          0x00000000        0x0 ./Common/os/kernel/src/chmemcore.o
 .bss           0x00000000        0x0 ./Common/os/kernel/src/chmemcore.o
 .debug_info    0x00000000       0x79 ./Common/os/kernel/src/chmemcore.o
 .debug_abbrev  0x00000000       0x26 ./Common/os/kernel/src/chmemcore.o
 .debug_aranges
                0x00000000       0x18 ./Common/os/kernel/src/chmemcore.o
 .debug_line    0x00000000       0x1d ./Common/os/kernel/src/chmemcore.o
 .debug_str     0x00000000      0x1d3 ./Common/os/kernel/src/chmemcore.o
 .comment       0x00000000       0x71 ./Common/os/kernel/src/chmemcore.o
 .ARM.attributes
                0x00000000       0x33 ./Common/os/kernel/src/chmemcore.o
 .text          0x00000000        0x0 ./Common/os/kernel/src/chmempools.o
 .data          0x00000000        0x0 ./Common/os/kernel/src/chmempools.o
 .bss           0x00000000        0x0 ./Common/os/kernel/src/chmempools.o
 .debug_info    0x00000000       0x79 ./Common/os/kernel/src/chmempools.o
 .debug_abbrev  0x00000000       0x26 ./Common/os/kernel/src/chmempools.o
 .debug_aranges
                0x00000000       0x18 ./Common/os/kernel/src/chmempools.o
 .debug_line    0x00000000       0x1d ./Common/os/kernel/src/chmempools.o
 .debug_str     0x00000000      0x1d4 ./Common/os/kernel/src/chmempools.o
 .comment       0x00000000       0x71 ./Common/os/kernel/src/chmempools.o
 .ARM.attributes
                0x00000000       0x33 ./Common/os/kernel/src/chmempools.o
 .text          0x00000000        0x0 ./Common/os/kernel/src/chmsg.o
 .data          0x00000000        0x0 ./Common/os/kernel/src/chmsg.o
 .bss           0x00000000        0x0 ./Common/os/kernel/src/chmsg.o
 .debug_info    0x00000000       0x79 ./Common/os/kernel/src/chmsg.o
 .debug_abbrev  0x00000000       0x26 ./Common/os/kernel/src/chmsg.o
 .debug_aranges
                0x00000000       0x18 ./Common/os/kernel/src/chmsg.o
 .debug_line    0x00000000       0x1d ./Common/os/kernel/src/chmsg.o
 .debug_str     0x00000000      0x1cf ./Common/os/kernel/src/chmsg.o
 .comment       0x00000000       0x71 ./Common/os/kernel/src/chmsg.o
 .ARM.attributes
                0x00000000       0x33 ./Common/os/kernel/src/chmsg.o
 .text          0x00000000        0x0 ./Common/os/kernel/src/chmtx.o
 .data          0x00000000        0x0 ./Common/os/kernel/src/chmtx.o
 .bss           0x00000000        0x0 ./Common/os/kernel/src/chmtx.o
 .debug_info    0x00000000       0x79 ./Common/os/kernel/src/chmtx.o
 .debug_abbrev  0x00000000       0x26 ./Common/os/kernel/src/chmtx.o
 .debug_aranges
                0x00000000       0x18 ./Common/os/kernel/src/chmtx.o
 .debug_line    0x00000000       0x1d ./Common/os/kernel/src/chmtx.o
 .debug_str     0x00000000      0x1cf ./Common/os/kernel/src/chmtx.o
 .comment       0x00000000       0x71 ./Common/os/kernel/src/chmtx.o
 .ARM.attributes
                0x00000000       0x33 ./Common/os/kernel/src/chmtx.o
 .text          0x00000000        0x0 ./Common/os/kernel/src/chqueues.o
 .data          0x00000000        0x0 ./Common/os/kernel/src/chqueues.o
 .bss           0x00000000        0x0 ./Common/os/kernel/src/chqueues.o
 .debug_info    0x00000000       0x79 ./Common/os/kernel/src/chqueues.o
 .debug_abbrev  0x00000000       0x26 ./Common/os/kernel/src/chqueues.o
 .debug_aranges
                0x00000000       0x18 ./Common/os/kernel/src/chqueues.o
 .debug_line    0x00000000       0x1d ./Common/os/kernel/src/chqueues.o
 .debug_str     0x00000000      0x1d2 ./Common/os/kernel/src/chqueues.o
 .comment       0x00000000       0x71 ./Common/os/kernel/src/chqueues.o
 .ARM.attributes
                0x00000000       0x33 ./Common/os/kernel/src/chqueues.o
 .text          0x00000000        0x0 ./Common/os/kernel/src/chregistry.o
 .data          0x00000000        0x0 ./Common/os/kernel/src/chregistry.o
 .bss           0x00000000        0x0 ./Common/os/kernel/src/chregistry.o
 .text.chRegFirstThread
                0x00000000       0x24 ./Common/os/kernel/src/chregistry.o
 .text.chRegNextThread
                0x00000000       0x2c ./Common/os/kernel/src/chregistry.o
 .text          0x00000000        0x0 ./Common/os/kernel/src/chschd.o
 .data          0x00000000        0x0 ./Common/os/kernel/src/chschd.o
 .bss           0x00000000        0x0 ./Common/os/kernel/src/chschd.o
 .text.chSchRescheduleS
                0x00000000       0x24 ./Common/os/kernel/src/chschd.o
 .text          0x00000000        0x0 ./Common/os/kernel/src/chsem.o
 .data          0x00000000        0x0 ./Common/os/kernel/src/chsem.o
 .bss           0x00000000        0x0 ./Common/os/kernel/src/chsem.o
 .text.chSemInit
                0x00000000       0x20 ./Common/os/kernel/src/chsem.o
 .text.chSemResetI
                0x00000000       0x58 ./Common/os/kernel/src/chsem.o
 .text.chSemReset
                0x00000000       0x28 ./Common/os/kernel/src/chsem.o
 .text.chSemWaitS
                0x00000000       0x60 ./Common/os/kernel/src/chsem.o
 .text.chSemWait
                0x00000000       0x24 ./Common/os/kernel/src/chsem.o
 .text.chSemWaitTimeoutS
                0x00000000       0x6c ./Common/os/kernel/src/chsem.o
 .text.chSemWaitTimeout
                0x00000000       0x28 ./Common/os/kernel/src/chsem.o
 .text.chSemSignal
                0x00000000       0x5c ./Common/os/kernel/src/chsem.o
 .text.chSemSignalI
                0x00000000       0x50 ./Common/os/kernel/src/chsem.o
 .text.chSemAddCounterI
                0x00000000       0x5c ./Common/os/kernel/src/chsem.o
 .text.chSemSignalWait
                0x00000000       0xac ./Common/os/kernel/src/chsem.o
 .rodata.str1.1
                0x00000000      0x130 ./Common/os/kernel/src/chsem.o
 .debug_info    0x00000000      0xc5e ./Common/os/kernel/src/chsem.o
 .debug_abbrev  0x00000000      0x2f0 ./Common/os/kernel/src/chsem.o
 .debug_loc     0x00000000      0x595 ./Common/os/kernel/src/chsem.o
 .debug_aranges
                0x00000000       0x70 ./Common/os/kernel/src/chsem.o
 .debug_ranges  0x00000000       0xa8 ./Common/os/kernel/src/chsem.o
 .debug_line    0x00000000      0x38d ./Common/os/kernel/src/chsem.o
 .debug_str     0x00000000      0x4b8 ./Common/os/kernel/src/chsem.o
 .comment       0x00000000       0x71 ./Common/os/kernel/src/chsem.o
 .ARM.attributes
                0x00000000       0x33 ./Common/os/kernel/src/chsem.o
 .debug_frame   0x00000000      0x138 ./Common/os/kernel/src/chsem.o
 .text          0x00000000        0x0 ./Common/os/kernel/src/chsys.o
 .data          0x00000000        0x0 ./Common/os/kernel/src/chsys.o
 .bss           0x00000000        0x0 ./Common/os/kernel/src/chsys.o
 .text          0x00000000        0x0 ./Common/os/kernel/src/chthreads.o
 .data          0x00000000        0x0 ./Common/os/kernel/src/chthreads.o
 .bss           0x00000000        0x0 ./Common/os/kernel/src/chthreads.o
 .text._thread_memfill
                0x00000000        0xc ./Common/os/kernel/src/chthreads.o
 .text.chThdSetPriority
                0x00000000       0x3c ./Common/os/kernel/src/chthreads.o
 .text.chThdResume
                0x00000000       0x38 ./Common/os/kernel/src/chthreads.o
 .text.chThdTerminate
                0x00000000       0x26 ./Common/os/kernel/src/chthreads.o
 .text.chThdSleepUntil
                0x00000000       0x2c ./Common/os/kernel/src/chthreads.o
 .text.chThdYield
                0x00000000       0x30 ./Common/os/kernel/src/chthreads.o
 .text.chThdWait
                0x00000000       0x58 ./Common/os/kernel/src/chthreads.o
 .text          0x00000000        0x0 ./Common/os/kernel/src/chvt.o
 .data          0x00000000        0x0 ./Common/os/kernel/src/chvt.o
 .bss           0x00000000        0x0 ./Common/os/kernel/src/chvt.o
 .text.chTimeIsWithin
                0x00000000       0x28 ./Common/os/kernel/src/chvt.o
 .text          0x00000000        0x0 ./Common/os/hal/src/ext.o
 .data          0x00000000        0x0 ./Common/os/hal/src/ext.o
 .bss           0x00000000        0x0 ./Common/os/hal/src/ext.o
 .debug_info    0x00000000       0x95 ./Common/os/hal/src/ext.o
 .debug_abbrev  0x00000000       0x4b ./Common/os/hal/src/ext.o
 .debug_aranges
                0x00000000       0x18 ./Common/os/hal/src/ext.o
 .debug_line    0x00000000       0x9b ./Common/os/hal/src/ext.o
 .debug_str     0x00000000      0x1df ./Common/os/hal/src/ext.o
 .comment       0x00000000       0x71 ./Common/os/hal/src/ext.o
 .ARM.attributes
                0x00000000       0x33 ./Common/os/hal/src/ext.o
 .text          0x00000000        0x0 ./Common/os/hal/src/hal.o
 .data          0x00000000        0x0 ./Common/os/hal/src/hal.o
 .bss           0x00000000        0x0 ./Common/os/hal/src/hal.o
 .text          0x00000000        0x0 ./Common/os/hal/src/rtc.o
 .data          0x00000000        0x0 ./Common/os/hal/src/rtc.o
 .bss           0x00000000        0x0 ./Common/os/hal/src/rtc.o
 .debug_info    0x00000000       0x95 ./Common/os/hal/src/rtc.o
 .debug_abbrev  0x00000000       0x4b ./Common/os/hal/src/rtc.o
 .debug_aranges
                0x00000000       0x18 ./Common/os/hal/src/rtc.o
 .debug_line    0x00000000       0x9b ./Common/os/hal/src/rtc.o
 .debug_str     0x00000000      0x1df ./Common/os/hal/src/rtc.o
 .comment       0x00000000       0x71 ./Common/os/hal/src/rtc.o
 .ARM.attributes
                0x00000000       0x33 ./Common/os/hal/src/rtc.o
 .text          0x00000000        0x0 ./Common/os/hal/platforms/STM32L1xx/ext_lld_isr.o
 .data          0x00000000        0x0 ./Common/os/hal/platforms/STM32L1xx/ext_lld_isr.o
 .bss           0x00000000        0x0 ./Common/os/hal/platforms/STM32L1xx/ext_lld_isr.o
 .debug_info    0x00000000       0x95 ./Common/os/hal/platforms/STM32L1xx/ext_lld_isr.o
 .debug_abbrev  0x00000000       0x4b ./Common/os/hal/platforms/STM32L1xx/ext_lld_isr.o
 .debug_aranges
                0x00000000       0x18 ./Common/os/hal/platforms/STM32L1xx/ext_lld_isr.o
 .debug_line    0x00000000       0x9b ./Common/os/hal/platforms/STM32L1xx/ext_lld_isr.o
 .debug_str     0x00000000      0x1f7 ./Common/os/hal/platforms/STM32L1xx/ext_lld_isr.o
 .comment       0x00000000       0x71 ./Common/os/hal/platforms/STM32L1xx/ext_lld_isr.o
 .ARM.attributes
                0x00000000       0x33 ./Common/os/hal/platforms/STM32L1xx/ext_lld_isr.o
 .text          0x00000000        0x0 ./Common/os/hal/platforms/STM32L1xx/hal_lld.o
 .data          0x00000000        0x0 ./Common/os/hal/platforms/STM32L1xx/hal_lld.o
 .bss           0x00000000        0x0 ./Common/os/hal/platforms/STM32L1xx/hal_lld.o
 .text          0x00000000        0x0 ./Common/os/hal/platforms/STM32L1xx/stm32_dma.o
 .data          0x00000000        0x0 ./Common/os/hal/platforms/STM32L1xx/stm32_dma.o
 .bss           0x00000000        0x0 ./Common/os/hal/platforms/STM32L1xx/stm32_dma.o
 .text.dmaStreamRelease
                0x00000000       0x58 ./Common/os/hal/platforms/STM32L1xx/stm32_dma.o
 .text          0x00000000        0x0 ./Common/kl_lib/clocking_L1xx.o
 .data          0x00000000        0x0 ./Common/kl_lib/clocking_L1xx.o
 .bss           0x00000000        0x0 ./Common/kl_lib/clocking_L1xx.o
 .text._ZN5Clk_t9EnableHSEEv
                0x00000000       0x28 ./Common/kl_lib/clocking_L1xx.o
 .text._ZN5Clk_t9EnableHSIEv
                0x00000000       0x28 ./Common/kl_lib/clocking_L1xx.o
 .text._ZN5Clk_t9EnablePLLEv
                0x00000000       0x28 ./Common/kl_lib/clocking_L1xx.o
 .text._ZN5Clk_t9EnableMSIEv
                0x00000000       0x28 ./Common/kl_lib/clocking_L1xx.o
 .text._ZN5Clk_t16SetupBusDividersE8AHBDiv_t8APBDiv_tS1_
                0x00000000       0x24 ./Common/kl_lib/clocking_L1xx.o
 .text._ZN5Clk_t11SwitchToHSIEv
                0x00000000       0x2c ./Common/kl_lib/clocking_L1xx.o
 .text._ZN5Clk_t11SwitchToHSEEv
                0x00000000       0x2c ./Common/kl_lib/clocking_L1xx.o
 .text._ZN5Clk_t11SwitchToPLLEv
                0x00000000       0x34 ./Common/kl_lib/clocking_L1xx.o
 .text._ZN5Clk_t11SwitchToMSIEv
                0x00000000       0x24 ./Common/kl_lib/clocking_L1xx.o
 .text._ZN5Clk_t14SetupPLLMulDivE8PllMul_t8PllDiv_t
                0x00000000       0x2c ./Common/kl_lib/clocking_L1xx.o
 .text._ZN5Clk_t17SetupFlashLatencyEh
                0x00000000       0x48 ./Common/kl_lib/clocking_L1xx.o
 .text          0x00000000        0x0 ./Common/kl_lib/cmd_uart.o
 .data          0x00000000        0x0 ./Common/kl_lib/cmd_uart.o
 .bss           0x00000000        0x0 ./Common/kl_lib/cmd_uart.o
 .text._init    0x00000000        0x2 ./Common/kl_lib/cmd_uart.o
 .group         0x00000000        0x8 ./Common/kl_lib/kl_lib_L15x.o
 .text          0x00000000        0x0 ./Common/kl_lib/kl_lib_L15x.o
 .data          0x00000000        0x0 ./Common/kl_lib/kl_lib_L15x.o
 .bss           0x00000000        0x0 ./Common/kl_lib/kl_lib_L15x.o
 .text._Z16i2cDmaIrqHandlerPvm
                0x00000000       0x26 ./Common/kl_lib/kl_lib_L15x.o
 .text._ZL14PinClockEnableP12GPIO_TypeDef
                0x00000000       0x5c ./Common/kl_lib/kl_lib_L15x.o
 .text._ZL17PinSetupAlterFuncP12GPIO_TypeDeft12PinOutMode_t15PinPullUpDown_t7PinAF_t10PinSpeed_t.constprop.11
                0x00000000       0x90 ./Common/kl_lib/kl_lib_L15x.o
 .text._init    0x00000000        0x2 ./Common/kl_lib/kl_lib_L15x.o
 .text._ZN7Flash_t20WaitForLastOperationEv
                0x00000000       0x30 ./Common/kl_lib/kl_lib_L15x.o
 .text._ZN7Timer_t4InitEP11TIM_TypeDef
                0x00000000       0xd0 ./Common/kl_lib/kl_lib_L15x.o
 .text._ZN7Timer_t7InitPwmEP12GPIO_TypeDefth10Inverted_t10PinSpeed_t
                0x00000000       0xec ./Common/kl_lib/kl_lib_L15x.o
 .text._ZN8PwmPin_t4InitEP12GPIO_TypeDeftP11TIM_TypeDefhtb
                0x00000000      0x168 ./Common/kl_lib/kl_lib_L15x.o
 .text._ZN8PwmPin_t9SetFreqHzEm
                0x00000000       0x1a ./Common/kl_lib/kl_lib_L15x.o
 .text._ZN5i2c_t7StandbyEv
                0x00000000       0x7c ./Common/kl_lib/kl_lib_L15x.o
 .text._ZN5i2c_t6ResumeEv
                0x00000000       0xd8 ./Common/kl_lib/kl_lib_L15x.o
 .text._ZN5i2c_t4InitEP11I2C_TypeDefP12GPIO_TypeDefttmPK18stm32_dma_stream_tS6_
                0x00000000       0x5c ./Common/kl_lib/kl_lib_L15x.o
 .text._ZN5i2c_t5ResetEv
                0x00000000       0x12 ./Common/kl_lib/kl_lib_L15x.o
 .text._ZN5i2c_t9IBusyWaitEv
                0x00000000       0x2a ./Common/kl_lib/kl_lib_L15x.o
 .text._ZN5i2c_t7WaitEv5Ev
                0x00000000       0x24 ./Common/kl_lib/kl_lib_L15x.o
 .text._ZN5i2c_t7WaitEv6Ev
                0x00000000       0x1e ./Common/kl_lib/kl_lib_L15x.o
 .text._ZN5i2c_t7WaitEv8Ev
                0x00000000       0x1a ./Common/kl_lib/kl_lib_L15x.o
 .text._ZN5i2c_t6WaitRxEv
                0x00000000       0x18 ./Common/kl_lib/kl_lib_L15x.o
 .text._ZN5i2c_t8WaitStopEv
                0x00000000       0x18 ./Common/kl_lib/kl_lib_L15x.o
 .text._ZN5i2c_t7WaitBTFEv
                0x00000000       0x18 ./Common/kl_lib/kl_lib_L15x.o
 .text._ZN5i2c_t12CmdWriteReadEhPhhS0_h
                0x00000000      0x198 ./Common/kl_lib/kl_lib_L15x.o
 .text._ZN5i2c_t13CmdWriteWriteEhPhhS0_h
                0x00000000      0x144 ./Common/kl_lib/kl_lib_L15x.o
 .text._ZN8Eeprom_t7Write32Emm
                0x00000000       0x1c ./Common/kl_lib/kl_lib_L15x.o
 .text._ZN8Eeprom_t7ReadBufEPvmm
                0x00000000        0x2 ./Common/kl_lib/kl_lib_L15x.o
 .text          0x00000000        0x0 ./Common/kl_lib/kl_sprintf.o
 .data          0x00000000        0x0 ./Common/kl_lib/kl_sprintf.o
 .bss           0x00000000        0x0 ./Common/kl_lib/kl_sprintf.o
 .group         0x00000000        0x8 ./Common/eestore.o
 .group         0x00000000        0x8 ./Common/eestore.o
 .text          0x00000000        0x0 ./Common/eestore.o
 .data          0x00000000        0x0 ./Common/eestore.o
 .bss           0x00000000        0x0 ./Common/eestore.o
 .text._init    0x00000000        0x2 ./Common/eestore.o
 .text._ZN7Flash_t20WaitForLastOperationEv
                0x00000000       0x30 ./Common/eestore.o
 .text._ZN7Flash_t8UnlockEEEv
                0x00000000       0x44 ./Common/eestore.o
 .text._ZN9EEStore_t16GetLastValuedPtrEPP11EEChunk32_t
                0x00000000       0x48 ./Common/eestore.o
 .text._ZN9EEStore_t3PutEPm
                0x00000000       0x88 ./Common/eestore.o
 .text._ZN9EEStore_t3GetEPm
                0x00000000       0x1a ./Common/eestore.o
 .text._ZN9EEStore_t6RemoveEv
                0x00000000       0x28 ./Common/eestore.o
 .debug_info    0x00000000      0x752 ./Common/eestore.o
 .debug_abbrev  0x00000000      0x3b5 ./Common/eestore.o
 .debug_loc     0x00000000      0x1e9 ./Common/eestore.o
 .debug_aranges
                0x00000000       0x50 ./Common/eestore.o
 .debug_ranges  0x00000000       0x90 ./Common/eestore.o
 .debug_line    0x00000000      0x28d ./Common/eestore.o
 .debug_str     0x00000000      0x4be ./Common/eestore.o
 .comment       0x00000000       0x71 ./Common/eestore.o
 .ARM.attributes
                0x00000000       0x33 ./Common/eestore.o
 .debug_frame   0x00000000       0xb8 ./Common/eestore.o
 .text          0x00000000        0x0 ./Common/peripheral.o
 .data          0x00000000        0x0 ./Common/peripheral.o
 .bss           0x00000000        0x0 ./Common/peripheral.o
 .text.unlikely._ZL14PinClockEnableP12GPIO_TypeDef.part.0
                0x00000000       0x10 ./Common/peripheral.o
 .text._init    0x00000000        0x2 ./Common/peripheral.o
 .text._ZN8Beeper_t4InitEv
                0x00000000       0x24 ./Common/peripheral.o
 .text._ZN8Beeper_t5BeepIEPK11BeepChunk_t
                0x00000000       0x4c ./Common/peripheral.o
 .text._Z17BeeperTmrCallbackPv
                0x00000000       0x28 ./Common/peripheral.o
 .text._ZN8Beeper_t8ShutdownEv
                0x00000000       0x24 ./Common/peripheral.o
 .text._ZN8LedRGB_t4InitEv
                0x00000000      0x144 ./Common/peripheral.o
 .text._ZN8LedRGB_t12IStartBlinkIEPK10LedChunk_t
                0x00000000       0x54 ./Common/peripheral.o
 .text._ZL14LedTmrCallbackPv
                0x00000000       0x28 ./Common/peripheral.o
 .text._ZN7Vibro_t4InitEv
                0x00000000       0x54 ./Common/peripheral.o
 .text._ZN7Vibro_t8IFlinchIEPK12VibroChunk_t
                0x00000000       0x50 ./Common/peripheral.o
 .text._Z16VibroTmrCallbackPv
                0x00000000       0x28 ./Common/peripheral.o
 .bss.Vibro     0x00000000       0x18 ./Common/peripheral.o
 .bss.Beeper    0x00000000       0x24 ./Common/peripheral.o
 .bss.Led       0x00000000       0x18 ./Common/peripheral.o
 .debug_info    0x00000000     0x1652 ./Common/peripheral.o
 .debug_abbrev  0x00000000      0x426 ./Common/peripheral.o
 .debug_loc     0x00000000      0x5fd ./Common/peripheral.o
 .debug_aranges
                0x00000000       0x78 ./Common/peripheral.o
 .debug_ranges  0x00000000      0x120 ./Common/peripheral.o
 .debug_line    0x00000000      0x35d ./Common/peripheral.o
 .debug_str     0x00000000      0xb20 ./Common/peripheral.o
 .comment       0x00000000       0x71 ./Common/peripheral.o
 .ARM.attributes
                0x00000000       0x33 ./Common/peripheral.o
 .debug_frame   0x00000000      0x11c ./Common/peripheral.o
 .text          0x00000000        0x0 ./Common/pill_mgr.o
 .data          0x00000000        0x0 ./Common/pill_mgr.o
 .bss           0x00000000        0x0 ./Common/pill_mgr.o
 .text._init    0x00000000        0x2 ./Common/pill_mgr.o
 .text._ZN9PillMgr_t6DeinitEv
                0x00000000       0x40 ./Common/pill_mgr.o
 .text._ZN9PillMgr_t4InitEv
                0x00000000       0xa4 ./Common/pill_mgr.o
 .text._ZN9PillMgr_t8ResetBusEv
                0x00000000       0x70 ./Common/pill_mgr.o
 .text._ZN9PillMgr_t16CheckIfConnectedEh
                0x00000000       0x34 ./Common/pill_mgr.o
 .text._ZN9PillMgr_t4ReadEhPhm
                0x00000000       0x42 ./Common/pill_mgr.o
 .text._ZN9PillMgr_t5WriteEhPhm
                0x00000000       0x6c ./Common/pill_mgr.o
 .bss.PillMgr   0x00000000       0x2c ./Common/pill_mgr.o
 .debug_info    0x00000000     0x1488 ./Common/pill_mgr.o
 .debug_abbrev  0x00000000      0x405 ./Common/pill_mgr.o
 .debug_loc     0x00000000      0x266 ./Common/pill_mgr.o
 .debug_aranges
                0x00000000       0x50 ./Common/pill_mgr.o
 .debug_ranges  0x00000000       0xf0 ./Common/pill_mgr.o
 .debug_line    0x00000000      0x32d ./Common/pill_mgr.o
 .debug_str     0x00000000      0xcac ./Common/pill_mgr.o
 .comment       0x00000000       0x71 ./Common/pill_mgr.o
 .ARM.attributes
                0x00000000       0x33 ./Common/pill_mgr.o
 .debug_frame   0x00000000       0xdc ./Common/pill_mgr.o
 .text          0x00000000        0x0 c:/ostrannastudio/tools/gcc/bin/../lib/gcc/arm-none-eabi/4.8.3/../../../../arm-none-eabi/lib/armv7-m\libg.a(lib_a-memset.o)
 .data          0x00000000        0x0 c:/ostrannastudio/tools/gcc/bin/../lib/gcc/arm-none-eabi/4.8.3/../../../../arm-none-eabi/lib/armv7-m\libg.a(lib_a-memset.o)
 .bss           0x00000000        0x0 c:/ostrannastudio/tools/gcc/bin/../lib/gcc/arm-none-eabi/4.8.3/../../../../arm-none-eabi/lib/armv7-m\libg.a(lib_a-memset.o)

Memory Configuration

Name             Origin             Length             Attributes
flash            0x08000000         0x00008000
ram              0x20000000         0x00002800
*default*        0x00000000         0xffffffff

Linker script and memory map

LOAD ./src/application.o
LOAD ./src/main.o
LOAD ./src/radio.o
LOAD ./Radio/cc1101.o
LOAD ./Common/os/ports/common/ARMCMx/nvic.o
LOAD ./Common/os/ports/GCC/ARMCMx/STM32L1xx/vectors.o
LOAD ./Common/os/ports/GCC/ARMCMx/chcore.o
LOAD ./Common/os/ports/GCC/ARMCMx/chcore_v7m.o
LOAD ./Common/os/ports/GCC/ARMCMx/crt0.o
LOAD ./Common/os/kernel/src/chcond.o
LOAD ./Common/os/kernel/src/chdebug.o
LOAD ./Common/os/kernel/src/chdynamic.o
LOAD ./Common/os/kernel/src/chevents.o
LOAD ./Common/os/kernel/src/chheap.o
LOAD ./Common/os/kernel/src/chlists.o
LOAD ./Common/os/kernel/src/chmboxes.o
LOAD ./Common/os/kernel/src/chmemcore.o
LOAD ./Common/os/kernel/src/chmempools.o
LOAD ./Common/os/kernel/src/chmsg.o
LOAD ./Common/os/kernel/src/chmtx.o
LOAD ./Common/os/kernel/src/chqueues.o
LOAD ./Common/os/kernel/src/chregistry.o
LOAD ./Common/os/kernel/src/chschd.o
LOAD ./Common/os/kernel/src/chsem.o
LOAD ./Common/os/kernel/src/chsys.o
LOAD ./Common/os/kernel/src/chthreads.o
LOAD ./Common/os/kernel/src/chvt.o
LOAD ./Common/os/hal/src/ext.o
LOAD ./Common/os/hal/src/hal.o
LOAD ./Common/os/hal/src/rtc.o
LOAD ./Common/os/hal/platforms/STM32L1xx/ext_lld_isr.o
LOAD ./Common/os/hal/platforms/STM32L1xx/hal_lld.o
LOAD ./Common/os/hal/platforms/STM32L1xx/stm32_dma.o
LOAD ./Common/kl_lib/clocking_L1xx.o
LOAD ./Common/kl_lib/cmd_uart.o
LOAD ./Common/kl_lib/kl_lib_L15x.o
LOAD ./Common/kl_lib/kl_sprintf.o
LOAD ./Common/eestore.o
LOAD ./Common/peripheral.o
LOAD ./Common/pill_mgr.o
LOAD c:/ostrannastudio/tools/gcc/bin/../lib/gcc/arm-none-eabi/4.8.3/../../../../arm-none-eabi/lib/armv7-m\libstdc++.a
LOAD c:/ostrannastudio/tools/gcc/bin/../lib/gcc/arm-none-eabi/4.8.3/../../../../arm-none-eabi/lib/armv7-m\libm.a
START GROUP
LOAD c:/ostrannastudio/tools/gcc/bin/../lib/gcc/arm-none-eabi/4.8.3/armv7-m\libgcc.a
LOAD c:/ostrannastudio/tools/gcc/bin/../lib/gcc/arm-none-eabi/4.8.3/../../../../arm-none-eabi/lib/armv7-m\libg.a
LOAD c:/ostrannastudio/tools/gcc/bin/../lib/gcc/arm-none-eabi/4.8.3/../../../../arm-none-eabi/lib/armv7-m\libc.a
END GROUP
                0x00000400                __main_stack_size__ = 0x400
                0x00000400                __process_stack_size__ = 0x400
                0x20000000                __ram_start__ = ORIGIN (ram)
                0x00002800                __ram_size__ = 0x2800
                0x20002800                __ram_end__ = (__ram_start__ + __ram_size__)
                0x00000000                . = 0x0
                0x00000000                _text = .

startup         0x08000000       0xf4
 *(vectors)
 vectors        0x08000000       0xf4 ./Common/os/ports/GCC/ARMCMx/STM32L1xx/vectors.o
                0x08000000                _vectors

constructors    0x080000f4        0x0
                0x080000f4                PROVIDE (__init_array_start, .)
 *(SORT(.init_array.*))
 *(.init_array)
                0x080000f4                PROVIDE (__init_array_end, .)

destructors     0x080000f4        0x0
                0x080000f4                PROVIDE (__fini_array_start, .)
 *(.fini_array)
 *(SORT(.fini_array.*))
                0x080000f4                PROVIDE (__fini_array_end, .)

.text           0x08000100     0x1d14
 *(.text.startup.*)
 .text.startup.main
                0x08000100       0xb4 ./src/main.o
                0x08000100                main
 *(.text)
 *(.text.*)
 *fill*         0x080001b4        0xc 
 .text._ZN7radio_t5ITaskEv
                0x080001c0       0x48 ./src/radio.o
                0x080001c0                radio_t::ITask()
 *fill*         0x08000208        0x8 
 .text._ZL11radioThreadPv
                0x08000210       0x20 ./src/radio.o
 .text._ZN7radio_t4InitEt
                0x08000230       0x90 ./src/radio.o
                0x08000230                radio_t::Init(unsigned short)
 .text._ZN8cc1101_t8BusyWaitEv.isra.6
                0x080002c0       0x10 ./Radio/cc1101.o
 .text._ZN5Spi_t13ReadWriteByteEh
                0x080002d0       0x10 ./Radio/cc1101.o
                0x080002d0                Spi_t::ReadWriteByte(unsigned char)
 .text._ZN8cc1101_t13WriteRegisterEhh
                0x080002e0       0x30 ./Radio/cc1101.o
                0x080002e0                cc1101_t::WriteRegister(unsigned char, unsigned char)
 .text._ZN8cc1101_t11WriteStrobeEh
                0x08000310       0x2c ./Radio/cc1101.o
                0x08000310                cc1101_t::WriteStrobe(unsigned char)
 *fill*         0x0800033c        0x4 
 .text._ZN8cc1101_t9EnterIdleEv
                0x08000340       0x10 ./Radio/cc1101.o
                0x08000340                cc1101_t::EnterIdle()
 .text._ZN8cc1101_t10SetChannelEh
                0x08000350       0x1e ./Radio/cc1101.o
                0x08000350                cc1101_t::SetChannel(unsigned char)
 *fill*         0x0800036e        0x2 
 .text._ZN8cc1101_t7WriteTXEPhh
                0x08000370       0x3c ./Radio/cc1101.o
                0x08000370                cc1101_t::WriteTX(unsigned char*, unsigned char)
 *fill*         0x080003ac        0x4 
 .text._ZN8cc1101_t13TransmitAsyncEP6rPkt_t
                0x080003b0       0x2e ./Radio/cc1101.o
                0x080003b0                cc1101_t::TransmitAsync(rPkt_t*)
 *fill*         0x080003de        0x2 
 .text._ZN8cc1101_t8RfConfigEv
                0x080003e0      0x16e ./Radio/cc1101.o
                0x080003e0                cc1101_t::RfConfig()
 *fill*         0x0800054e        0x2 
 .text._ZN8cc1101_t4InitEv
                0x08000550      0x248 ./Radio/cc1101.o
                0x08000550                cc1101_t::Init()
 *fill*         0x08000798        0x8 
 .text._ZN8cc1101_t12IHandleAsyncEv
                0x080007a0       0x10 ./Radio/cc1101.o
                0x080007a0                cc1101_t::IHandleAsync()
 .text._ZN8cc1101_t15IGdo0IrqHandlerEv
                0x080007b0       0x4c ./Radio/cc1101.o
                0x080007b0                cc1101_t::IGdo0IrqHandler()
 *fill*         0x080007fc        0x4 
 .text.Vector64
                0x08000800       0x1c ./Radio/cc1101.o
                0x08000800                Vector64
 *fill*         0x0800081c        0x4 
 .text.nvicEnableVector
                0x08000820       0x46 ./Common/os/ports/common/ARMCMx/nvic.o
                0x08000820                nvicEnableVector
 *fill*         0x08000866        0xa 
 .text.nvicSetSystemHandlerPriority
                0x08000870       0x26 ./Common/os/ports/common/ARMCMx/nvic.o
                0x08000870                nvicSetSystemHandlerPriority
 *fill*         0x08000896        0xa 
 .text._unhandled_exception
                0x080008a0        0x2 ./Common/os/ports/GCC/ARMCMx/STM32L1xx/vectors.o
                0x080008a0                Vector58
                0x080008a0                VectorE8
                0x080008a0                Vector9C
                0x080008a0                VectorAC
                0x080008a0                Vector5C
                0x080008a0                NMIVector
                0x080008a0                Vector8C
                0x080008a0                VectorDC
                0x080008a0                VectorC8
                0x080008a0                Vector94
                0x080008a0                VectorA8
                0x080008a0                VectorB4
                0x080008a0                VectorEC
                0x080008a0                UsageFaultVector
                0x080008a0                DebugMonitorVector
                0x080008a0                Vector40
                0x080008a0                VectorBC
                0x080008a0                PendSVVector
                0x080008a0                VectorCC
                0x080008a0                Vector54
                0x080008a0                Vector98
                0x080008a0                VectorD8
                0x080008a0                Vector24
                0x080008a0                BusFaultVector
                0x080008a0                VectorD0
                0x080008a0                VectorE4
                0x080008a0                VectorC0
                0x080008a0                HardFaultVector
                0x080008a0                VectorF0
                0x080008a0                VectorE0
                0x080008a0                MemManageVector
                0x080008a0                VectorA0
                0x080008a0                VectorC4
                0x080008a0                VectorB0
                0x080008a0                Vector90
                0x080008a0                Vector60
                0x080008a0                Vector1C
                0x080008a0                Vector48
                0x080008a0                VectorD4
                0x080008a0                Vector4C
                0x080008a0                Vector68
                0x080008a0                _unhandled_exception
                0x080008a0                Vector88
                0x080008a0                Vector50
                0x080008a0                Vector44
                0x080008a0                Vector28
                0x080008a0                VectorB8
                0x080008a0                Vector34
                0x080008a0                VectorA4
                0x080008a0                Vector20
 *fill*         0x080008a2        0xe 
 .text._port_switch_from_isr
                0x080008b0        0xe ./Common/os/ports/GCC/ARMCMx/chcore_v7m.o
                0x080008b0                _port_switch_from_isr
 *fill*         0x080008be        0x2 
 .text.SVCallVector
                0x080008c0       0x12 ./Common/os/ports/GCC/ARMCMx/chcore_v7m.o
                0x080008c0                SVCallVector
 *fill*         0x080008d2        0xe 
 .text._port_init
                0x080008e0       0x34 ./Common/os/ports/GCC/ARMCMx/chcore_v7m.o
                0x080008e0                _port_init
 *fill*         0x08000914        0xc 
 .text._port_irq_epilogue
                0x08000920       0x6c ./Common/os/ports/GCC/ARMCMx/chcore_v7m.o
                0x08000920                _port_irq_epilogue
 *fill*         0x0800098c        0x4 
 .text.SysTickVector
                0x08000990       0x2a ./Common/os/ports/GCC/ARMCMx/chcore_v7m.o
                0x08000990                SysTickVector
 *fill*         0x080009ba        0x6 
 .text._port_switch
                0x080009c0       0x10 ./Common/os/ports/GCC/ARMCMx/chcore_v7m.o
                0x080009c0                _port_switch
 .text._port_thread_start
                0x080009d0       0x16 ./Common/os/ports/GCC/ARMCMx/chcore_v7m.o
                0x080009d0                _port_thread_start
 *fill*         0x080009e6        0xa 
 .text.__early_init
                0x080009f0        0x2 ./Common/os/ports/GCC/ARMCMx/crt0.o
                0x080009f0                __early_init
 *fill*         0x080009f2        0xe 
 .text.__late_init
                0x08000a00        0x2 ./Common/os/ports/GCC/ARMCMx/crt0.o
                0x08000a00                __late_init
 *fill*         0x08000a02        0xe 
 .text._default_exit
                0x08000a10        0x2 ./Common/os/ports/GCC/ARMCMx/crt0.o
                0x08000a10                _default_exit
 *fill*         0x08000a12        0xe 
 .text.ResetHandler
                0x08000a20       0xc0 ./Common/os/ports/GCC/ARMCMx/crt0.o
                0x08000a20                ResetHandler
 .text.dbg_check_enable
                0x08000ae0       0x20 ./Common/os/kernel/src/chdebug.o
                0x08000ae0                dbg_check_enable
 .text.dbg_check_lock
                0x08000b00       0x28 ./Common/os/kernel/src/chdebug.o
                0x08000b00                dbg_check_lock
 *fill*         0x08000b28        0x8 
 .text.dbg_check_unlock
                0x08000b30       0x28 ./Common/os/kernel/src/chdebug.o
                0x08000b30                dbg_check_unlock
 *fill*         0x08000b58        0x8 
 .text.dbg_check_lock_from_isr
                0x08000b60       0x28 ./Common/os/kernel/src/chdebug.o
                0x08000b60                dbg_check_lock_from_isr
 *fill*         0x08000b88        0x8 
 .text.dbg_check_unlock_from_isr
                0x08000b90       0x2c ./Common/os/kernel/src/chdebug.o
                0x08000b90                dbg_check_unlock_from_isr
 *fill*         0x08000bbc        0x4 
 .text.dbg_check_enter_isr
                0x08000bc0       0x38 ./Common/os/kernel/src/chdebug.o
                0x08000bc0                dbg_check_enter_isr
 *fill*         0x08000bf8        0x8 
 .text.dbg_check_leave_isr
                0x08000c00       0x38 ./Common/os/kernel/src/chdebug.o
                0x08000c00                dbg_check_leave_isr
 *fill*         0x08000c38        0x8 
 .text.chDbgCheckClassI
                0x08000c40       0x24 ./Common/os/kernel/src/chdebug.o
                0x08000c40                chDbgCheckClassI
 *fill*         0x08000c64        0xc 
 .text.chDbgCheckClassS
                0x08000c70       0x24 ./Common/os/kernel/src/chdebug.o
                0x08000c70                chDbgCheckClassS
 *fill*         0x08000c94        0xc 
 .text._trace_init
                0x08000ca0       0x14 ./Common/os/kernel/src/chdebug.o
                0x08000ca0                _trace_init
 *fill*         0x08000cb4        0xc 
 .text.dbg_trace
                0x08000cc0       0x40 ./Common/os/kernel/src/chdebug.o
                0x08000cc0                dbg_trace
 .text._scheduler_init
                0x08000d00       0x14 ./Common/os/kernel/src/chschd.o
                0x08000d00                _scheduler_init
 *fill*         0x08000d14        0xc 
 .text.chSchReadyI
                0x08000d20       0x40 ./Common/os/kernel/src/chschd.o
                0x08000d20                chSchReadyI
 .text.wakeup   0x08000d60       0x4c ./Common/os/kernel/src/chschd.o
 *fill*         0x08000dac        0x4 
 .text.chSchGoSleepS
                0x08000db0       0x50 ./Common/os/kernel/src/chschd.o
                0x08000db0                chSchGoSleepS
 .text.chSchGoSleepTimeoutS
                0x08000e00       0x48 ./Common/os/kernel/src/chschd.o
                0x08000e00                chSchGoSleepTimeoutS
 *fill*         0x08000e48        0x8 
 .text.chSchWakeupS
                0x08000e50       0x58 ./Common/os/kernel/src/chschd.o
                0x08000e50                chSchWakeupS
 *fill*         0x08000ea8        0x8 
 .text.chSchDoRescheduleBehind
                0x08000eb0       0x4c ./Common/os/kernel/src/chschd.o
                0x08000eb0                chSchDoRescheduleBehind
 *fill*         0x08000efc        0x4 
 .text.chSchDoRescheduleAhead
                0x08000f00       0x5c ./Common/os/kernel/src/chschd.o
                0x08000f00                chSchDoRescheduleAhead
 *fill*         0x08000f5c        0x4 
 .text.chSchDoReschedule
                0x08000f60       0x18 ./Common/os/kernel/src/chschd.o
                0x08000f60                chSchDoReschedule
 *fill*         0x08000f78        0x8 
 .text._idle_thread
                0x08000f80       0x14 ./Common/os/kernel/src/chsys.o
                0x08000f80                _idle_thread
 *fill*         0x08000f94        0xc 
 .text.chSysInit
                0x08000fa0       0x6c ./Common/os/kernel/src/chsys.o
                0x08000fa0                chSysInit
 *fill*         0x0800100c        0x4 
 .text.chSysTimerHandlerI
                0x08001010       0x68 ./Common/os/kernel/src/chsys.o
                0x08001010                chSysTimerHandlerI
 *fill*         0x08001078        0x8 
 .text._thread_init
                0x08001080       0x38 ./Common/os/kernel/src/chthreads.o
                0x08001080                _thread_init
 *fill*         0x080010b8        0x8 
 .text.chThdCreateI
                0x080010c0       0x4c ./Common/os/kernel/src/chthreads.o
                0x080010c0                chThdCreateI
 *fill*         0x0800110c        0x4 
 .text.chThdCreateStatic
                0x08001110       0x5e ./Common/os/kernel/src/chthreads.o
                0x08001110                chThdCreateStatic
 *fill*         0x0800116e        0x2 
 .text.chThdSleep
                0x08001170       0x30 ./Common/os/kernel/src/chthreads.o
                0x08001170                chThdSleep
 .text.chThdExitS
                0x080011a0       0x48 ./Common/os/kernel/src/chthreads.o
                0x080011a0                chThdExitS
 *fill*         0x080011e8        0x8 
 .text.chThdExit
                0x080011f0       0x18 ./Common/os/kernel/src/chthreads.o
                0x080011f0                chThdExit
 *fill*         0x08001208        0x8 
 .text._vt_init
                0x08001210       0x18 ./Common/os/kernel/src/chvt.o
                0x08001210                _vt_init
 *fill*         0x08001228        0x8 
 .text.chVTSetI
                0x08001230       0x50 ./Common/os/kernel/src/chvt.o
                0x08001230                chVTSetI
 .text.chVTResetI
                0x08001280       0x44 ./Common/os/kernel/src/chvt.o
                0x08001280                chVTResetI
 *fill*         0x080012c4        0xc 
 .text.halInit  0x080012d0        0x4 ./Common/os/hal/src/hal.o
                0x080012d0                halInit
 *fill*         0x080012d4        0xc 
 .text.hal_lld_init
                0x080012e0       0x64 ./Common/os/hal/platforms/STM32L1xx/hal_lld.o
                0x080012e0                hal_lld_init
 *fill*         0x08001344        0xc 
 .text.Vector6C
                0x08001350       0x30 ./Common/os/hal/platforms/STM32L1xx/stm32_dma.o
                0x08001350                Vector6C
 .text.Vector70
                0x08001380       0x30 ./Common/os/hal/platforms/STM32L1xx/stm32_dma.o
                0x08001380                Vector70
 .text.Vector74
                0x080013b0       0x34 ./Common/os/hal/platforms/STM32L1xx/stm32_dma.o
                0x080013b0                Vector74
 *fill*         0x080013e4        0xc 
 .text.Vector78
                0x080013f0       0x34 ./Common/os/hal/platforms/STM32L1xx/stm32_dma.o
                0x080013f0                Vector78
 *fill*         0x08001424        0xc 
 .text.Vector7C
                0x08001430       0x34 ./Common/os/hal/platforms/STM32L1xx/stm32_dma.o
                0x08001430                Vector7C
 *fill*         0x08001464        0xc 
 .text.Vector80
                0x08001470       0x34 ./Common/os/hal/platforms/STM32L1xx/stm32_dma.o
                0x08001470                Vector80
 *fill*         0x080014a4        0xc 
 .text.Vector84
                0x080014b0       0x34 ./Common/os/hal/platforms/STM32L1xx/stm32_dma.o
                0x080014b0                Vector84
 *fill*         0x080014e4        0xc 
 .text.dmaInit  0x080014f0       0x38 ./Common/os/hal/platforms/STM32L1xx/stm32_dma.o
                0x080014f0                dmaInit
 *fill*         0x08001528        0x8 
 .text.dmaStreamAllocate
                0x08001530       0x88 ./Common/os/hal/platforms/STM32L1xx/stm32_dma.o
                0x08001530                dmaStreamAllocate
 *fill*         0x080015b8        0x8 
 .text._ZN5Clk_t16UpdateFreqValuesEv
                0x080015c0      0x114 ./Common/kl_lib/clocking_L1xx.o
                0x080015c0                Clk_t::UpdateFreqValues()
 *fill*         0x080016d4        0xc 
 .text._Z10SetupVCore7VCore_t
                0x080016e0       0x34 ./Common/kl_lib/clocking_L1xx.o
                0x080016e0                SetupVCore(VCore_t)
 *fill*         0x08001714        0xc 
 .text._ZN9CmdUart_t8IPutCharEc
                0x08001720       0x1e ./Common/kl_lib/cmd_uart.o
                0x08001720                CmdUart_t::IPutChar(char)
 *fill*         0x0800173e        0x2 
 .text._ZL8FPutCharc
                0x08001740        0xc ./Common/kl_lib/cmd_uart.o
 *fill*         0x0800174c        0x4 
 .text._ZN9CmdUart_t6PrintfEPKcz
                0x08001750       0x74 ./Common/kl_lib/cmd_uart.o
                0x08001750                CmdUart_t::Printf(char const*, ...)
 *fill*         0x080017c4        0xc 
 .text._ZN9CmdUart_t4InitEm
                0x080017d0       0xd4 ./Common/kl_lib/cmd_uart.o
                0x080017d0                CmdUart_t::Init(unsigned long)
 *fill*         0x080018a4        0xc 
 .text._ZN9CmdUart_t15IRQDmaTxHandlerEv
                0x080018b0       0x6c ./Common/kl_lib/cmd_uart.o
                0x080018b0                CmdUart_t::IRQDmaTxHandler()
 *fill*         0x0800191c        0x4 
 .text.CmdUartTxIrq
                0x08001920        0xc ./Common/kl_lib/cmd_uart.o
                0x08001920                CmdUartTxIrq
 *fill*         0x0800192c        0x4 
 .text.chDbgPanic
                0x08001930       0x1c ./Common/kl_lib/kl_lib_L15x.o
                0x08001930                chDbgPanic
 *fill*         0x0800194c        0x4 
 .text.IPutUint.4105
                0x08001950       0x72 ./Common/kl_lib/kl_sprintf.o
 *fill*         0x080019c2        0xe 
 .text.kl_vsprintf
                0x080019d0      0x160 ./Common/kl_lib/kl_sprintf.o
                0x080019d0                kl_vsprintf
 .text.memset   0x08001b30       0x94 c:/ostrannastudio/tools/gcc/bin/../lib/gcc/arm-none-eabi/4.8.3/../../../../arm-none-eabi/lib/armv7-m\libg.a(lib_a-memset.o)
                0x08001b30                memset
 *(.rodata)
 *fill*         0x08001bc4        0xc 
 .rodata        0x08001bd0       0x21 ./Common/kl_lib/clocking_L1xx.o
 *(.rodata.*)
 *fill*         0x08001bf1        0xf 
 .rodata.str1.1
                0x08001c00        0x6 ./src/main.o
 *fill*         0x08001c06        0xa 
 .rodata.str1.1
                0x08001c10        0x6 ./src/radio.o
 *fill*         0x08001c16        0xa 
 .rodata.str1.1
                0x08001c20       0x39 ./Common/os/kernel/src/chdebug.o
 *fill*         0x08001c59        0x7 
 .rodata.ch_debug
                0x08001c60       0x16 ./Common/os/kernel/src/chregistry.o
                0x08001c60                ch_debug
 *fill*         0x08001c76        0xa 
 .rodata.str1.1
                0x08001c80       0x21 ./Common/os/kernel/src/chschd.o
 *fill*         0x08001ca1        0xf 
 .rodata.str1.1
                0x08001cb0        0x5 ./Common/os/kernel/src/chsys.o
 *fill*         0x08001cb5        0xb 
 .rodata.str1.1
                0x08001cc0       0x76 ./Common/os/kernel/src/chthreads.o
 *fill*         0x08001d36        0xa 
 .rodata.str1.1
                0x08001d40       0x2d ./Common/os/kernel/src/chvt.o
 *fill*         0x08001d6d        0x3 
 .rodata.str1.1
                0x08001d70       0x42 ./Common/os/hal/platforms/STM32L1xx/stm32_dma.o
 *fill*         0x08001db2        0xe 
 .rodata._stm32_dma_streams
                0x08001dc0       0x54 ./Common/os/hal/platforms/STM32L1xx/stm32_dma.o
                0x08001dc0                _stm32_dma_streams
 *(.glue_7t)
 .glue_7t       0x00000000        0x0 linker stubs
 *(.glue_7)
 .glue_7        0x00000000        0x0 linker stubs
 *(.gcc*)

.vfp11_veneer   0x08001e14        0x0
 .vfp11_veneer  0x00000000        0x0 linker stubs

.v4_bx          0x08001e14        0x0
 .v4_bx         0x00000000        0x0 linker stubs

.iplt           0x08001e14        0x0
 .iplt          0x00000000        0x0 ./src/application.o

.rel.dyn        0x08001e14        0x0
 .rel.iplt      0x00000000        0x0 ./src/application.o

.ARM.extab
 *(.ARM.extab* .gnu.linkonce.armextab.*)

.ARM.exidx      0x08001e14        0x0
                0x08001e14                PROVIDE (__exidx_start, .)
 *(.ARM.exidx* .gnu.linkonce.armexidx.*)
                0x08001e14                PROVIDE (__exidx_end, .)

.eh_frame_hdr
 *(.eh_frame_hdr)

.eh_frame
 *(.eh_frame)

.textalign      0x08001e14        0x4
                0x08001e18                . = ALIGN (0x8)
 *fill*         0x08001e14        0x4 
                0x08001e18                _etext = .
                0x08001e18                _textdata = _etext

.stacks         0x20000000      0x800
                0x20000000                . = ALIGN (0x8)
                0x20000000                __main_stack_base__ = .
                0x20000400                . = (. + __main_stack_size__)
 *fill*         0x20000000      0x400 
                0x20000400                . = ALIGN (0x8)
                0x20000400                __main_stack_end__ = .
                0x20000400                __process_stack_base__ = .
                0x20000400                __main_thread_stack_base__ = .
                0x20000800                . = (. + __process_stack_size__)
 *fill*         0x20000400      0x400 
                0x20000800                . = ALIGN (0x8)
                0x20000800                __process_stack_end__ = .
                0x20000800                __main_thread_stack_end__ = .

.data           0x20000800        0x0 load address 0x08001e18
                0x20000800                . = ALIGN (0x4)
                0x20000800                PROVIDE (_data, .)
 *(.data)
                0x20000800                . = ALIGN (0x4)
 *(.data.*)
                0x20000800                . = ALIGN (0x4)
 *(.ramtext)
                0x20000800                . = ALIGN (0x4)
                0x20000800                PROVIDE (_edata, .)

.igot.plt       0x20000800        0x0 load address 0x08001e18
 .igot.plt      0x00000000        0x0 ./src/application.o

.bss            0x20000800      0x930 load address 0x08001e18
                0x20000800                . = ALIGN (0x4)
                0x20000800                PROVIDE (_bss_start, .)
 *(.bss)
                0x20000800                . = ALIGN (0x4)
 *(.bss.*)
 .bss.Radio     0x20000800        0x8 ./src/radio.o
                0x20000800                Radio
 .bss._ZL14warradioThread
                0x20000808      0x198 ./src/radio.o
 .bss.CC        0x200009a0       0x1c ./Radio/cc1101.o
                0x200009a0                CC
 .bss.mainthread.4585
                0x200009bc       0x34 ./Common/os/kernel/src/chsys.o
 .bss.dma_isr_redir
                0x200009f0       0x38 ./Common/os/hal/platforms/STM32L1xx/stm32_dma.o
 .bss.dma_streams_mask
                0x20000a28        0x4 ./Common/os/hal/platforms/STM32L1xx/stm32_dma.o
 .bss.VCore     0x20000a2c        0x1 ./Common/kl_lib/clocking_L1xx.o
                0x20000a2c                VCore
 *fill*         0x20000a2d        0x3 
 .bss.Clk       0x20000a30        0xc ./Common/kl_lib/clocking_L1xx.o
                0x20000a30                Clk
 .bss.Uart      0x20000a3c      0x20c ./Common/kl_lib/cmd_uart.o
                0x20000a3c                Uart
                0x20000c48                . = ALIGN (0x4)
 *(COMMON)
 COMMON         0x20000c48      0x414 ./Common/os/kernel/src/chdebug.o
                0x20000c48                dbg_trace_buffer
                0x20001050                dbg_panic_msg
                0x20001054                dbg_isr_cnt
                0x20001058                dbg_lock_cnt
 COMMON         0x2000105c       0x1c ./Common/os/kernel/src/chschd.o
                0x2000105c                rlist
 COMMON         0x20001078       0xa8 ./Common/os/kernel/src/chsys.o
                0x20001078                _idle_thread_wa
 COMMON         0x20001120       0x10 ./Common/os/kernel/src/chvt.o
                0x20001120                vtlist
                0x20001130                . = ALIGN (0x4)
                0x20001130                PROVIDE (_bss_end, .)
                0x20001130                PROVIDE (end, .)
                0x20001130                _end = .
                0x20001130                __heap_base__ = _end
                0x20002800                __heap_end__ = __ram_end__
OUTPUT(ccTx.elf elf32-littlearm)

.debug_info     0x00000000     0xe366
 .debug_info    0x00000000      0xe4a ./src/main.o
 .debug_info    0x00000e4a     0x13f1 ./src/radio.o
 .debug_info    0x0000223b     0x2a4b ./Radio/cc1101.o
 .debug_info    0x00004c86      0x3fb ./Common/os/ports/common/ARMCMx/nvic.o
 .debug_info    0x00005081      0x1c1 ./Common/os/ports/GCC/ARMCMx/STM32L1xx/vectors.o
 .debug_info    0x00005242      0x7d2 ./Common/os/ports/GCC/ARMCMx/chcore_v7m.o
 .debug_info    0x00005a14      0x2a5 ./Common/os/ports/GCC/ARMCMx/crt0.o
 .debug_info    0x00005cb9      0x797 ./Common/os/kernel/src/chdebug.o
 .debug_info    0x00006450      0x5a0 ./Common/os/kernel/src/chregistry.o
 .debug_info    0x000069f0      0xa5f ./Common/os/kernel/src/chschd.o
 .debug_info    0x0000744f      0x7b9 ./Common/os/kernel/src/chsys.o
 .debug_info    0x00007c08      0xce6 ./Common/os/kernel/src/chthreads.o
 .debug_info    0x000088ee      0x2ba ./Common/os/kernel/src/chvt.o
 .debug_info    0x00008ba8       0xc4 ./Common/os/hal/src/hal.o
 .debug_info    0x00008c6c      0x598 ./Common/os/hal/platforms/STM32L1xx/hal_lld.o
 .debug_info    0x00009204      0x788 ./Common/os/hal/platforms/STM32L1xx/stm32_dma.o
 .debug_info    0x0000998c      0xb70 ./Common/kl_lib/clocking_L1xx.o
 .debug_info    0x0000a4fc      0xf4e ./Common/kl_lib/cmd_uart.o
 .debug_info    0x0000b44a     0x2bdf ./Common/kl_lib/kl_lib_L15x.o
 .debug_info    0x0000e029      0x33d ./Common/kl_lib/kl_sprintf.o

.debug_abbrev   0x00000000     0x30f5
 .debug_abbrev  0x00000000      0x36a ./src/main.o
 .debug_abbrev  0x0000036a      0x437 ./src/radio.o
 .debug_abbrev  0x000007a1      0x55f ./Radio/cc1101.o
 .debug_abbrev  0x00000d00      0x10e ./Common/os/ports/common/ARMCMx/nvic.o
 .debug_abbrev  0x00000e0e       0xaf ./Common/os/ports/GCC/ARMCMx/STM32L1xx/vectors.o
 .debug_abbrev  0x00000ebd      0x1d9 ./Common/os/ports/GCC/ARMCMx/chcore_v7m.o
 .debug_abbrev  0x00001096       0xf2 ./Common/os/ports/GCC/ARMCMx/crt0.o
 .debug_abbrev  0x00001188      0x1ba ./Common/os/kernel/src/chdebug.o
 .debug_abbrev  0x00001342      0x174 ./Common/os/kernel/src/chregistry.o
 .debug_abbrev  0x000014b6      0x31b ./Common/os/kernel/src/chschd.o
 .debug_abbrev  0x000017d1      0x1f2 ./Common/os/kernel/src/chsys.o
 .debug_abbrev  0x000019c3      0x344 ./Common/os/kernel/src/chthreads.o
 .debug_abbrev  0x00001d07      0x18b ./Common/os/kernel/src/chvt.o
 .debug_abbrev  0x00001e92       0x88 ./Common/os/hal/src/hal.o
 .debug_abbrev  0x00001f1a      0x183 ./Common/os/hal/platforms/STM32L1xx/hal_lld.o
 .debug_abbrev  0x0000209d      0x241 ./Common/os/hal/platforms/STM32L1xx/stm32_dma.o
 .debug_abbrev  0x000022de      0x26c ./Common/kl_lib/clocking_L1xx.o
 .debug_abbrev  0x0000254a      0x3ee ./Common/kl_lib/cmd_uart.o
 .debug_abbrev  0x00002938      0x666 ./Common/kl_lib/kl_lib_L15x.o
 .debug_abbrev  0x00002f9e      0x157 ./Common/kl_lib/kl_sprintf.o

.debug_aranges  0x00000000      0x678
 .debug_aranges
                0x00000000       0x28 ./src/main.o
 .debug_aranges
                0x00000028       0x38 ./src/radio.o
 .debug_aranges
                0x00000060       0xc8 ./Radio/cc1101.o
 .debug_aranges
                0x00000128       0x30 ./Common/os/ports/common/ARMCMx/nvic.o
 .debug_aranges
                0x00000158       0x20 ./Common/os/ports/GCC/ARMCMx/STM32L1xx/vectors.o
 .debug_aranges
                0x00000178       0x50 ./Common/os/ports/GCC/ARMCMx/chcore_v7m.o
 .debug_aranges
                0x000001c8       0x38 ./Common/os/ports/GCC/ARMCMx/crt0.o
 .debug_aranges
                0x00000200       0x80 ./Common/os/kernel/src/chdebug.o
 .debug_aranges
                0x00000280       0x28 ./Common/os/kernel/src/chregistry.o
 .debug_aranges
                0x000002a8       0x68 ./Common/os/kernel/src/chschd.o
 .debug_aranges
                0x00000310       0x30 ./Common/os/kernel/src/chsys.o
 .debug_aranges
                0x00000340       0x80 ./Common/os/kernel/src/chthreads.o
 .debug_aranges
                0x000003c0       0x38 ./Common/os/kernel/src/chvt.o
 .debug_aranges
                0x000003f8       0x20 ./Common/os/hal/src/hal.o
 .debug_aranges
                0x00000418       0x20 ./Common/os/hal/platforms/STM32L1xx/hal_lld.o
 .debug_aranges
                0x00000438       0x68 ./Common/os/hal/platforms/STM32L1xx/stm32_dma.o
 .debug_aranges
                0x000004a0       0x80 ./Common/kl_lib/clocking_L1xx.o
 .debug_aranges
                0x00000520       0x50 ./Common/kl_lib/cmd_uart.o
 .debug_aranges
                0x00000570       0xe0 ./Common/kl_lib/kl_lib_L15x.o
 .debug_aranges
                0x00000650       0x28 ./Common/kl_lib/kl_sprintf.o

.debug_ranges   0x00000000      0xc60
 .debug_ranges  0x00000000       0x58 ./src/main.o
 .debug_ranges  0x00000058       0x80 ./src/radio.o
 .debug_ranges  0x000000d8      0x358 ./Radio/cc1101.o
 .debug_ranges  0x00000430       0x20 ./Common/os/ports/common/ARMCMx/nvic.o
 .debug_ranges  0x00000450       0x10 ./Common/os/ports/GCC/ARMCMx/STM32L1xx/vectors.o
 .debug_ranges  0x00000460       0x40 ./Common/os/ports/GCC/ARMCMx/chcore_v7m.o
 .debug_ranges  0x000004a0       0x28 ./Common/os/ports/GCC/ARMCMx/crt0.o
 .debug_ranges  0x000004c8       0x70 ./Common/os/kernel/src/chdebug.o
 .debug_ranges  0x00000538       0x30 ./Common/os/kernel/src/chregistry.o
 .debug_ranges  0x00000568      0x128 ./Common/os/kernel/src/chschd.o
 .debug_ranges  0x00000690       0x20 ./Common/os/kernel/src/chsys.o
 .debug_ranges  0x000006b0       0xe8 ./Common/os/kernel/src/chthreads.o
 .debug_ranges  0x00000798       0x28 ./Common/os/kernel/src/chvt.o
 .debug_ranges  0x000007c0       0x10 ./Common/os/hal/src/hal.o
 .debug_ranges  0x000007d0       0x10 ./Common/os/hal/platforms/STM32L1xx/hal_lld.o
 .debug_ranges  0x000007e0       0x58 ./Common/os/hal/platforms/STM32L1xx/stm32_dma.o
 .debug_ranges  0x00000838      0x100 ./Common/kl_lib/clocking_L1xx.o
 .debug_ranges  0x00000938       0xb0 ./Common/kl_lib/cmd_uart.o
 .debug_ranges  0x000009e8      0x248 ./Common/kl_lib/kl_lib_L15x.o
 .debug_ranges  0x00000c30       0x30 ./Common/kl_lib/kl_sprintf.o

.debug_line     0x00000000     0x33a8
 .debug_line    0x00000000      0x284 ./src/main.o
 .debug_line    0x00000284      0x2c0 ./src/radio.o
 .debug_line    0x00000544      0x648 ./Radio/cc1101.o
 .debug_line    0x00000b8c      0x11f ./Common/os/ports/common/ARMCMx/nvic.o
 .debug_line    0x00000cab       0xcc ./Common/os/ports/GCC/ARMCMx/STM32L1xx/vectors.o
 .debug_line    0x00000d77      0x230 ./Common/os/ports/GCC/ARMCMx/chcore_v7m.o
 .debug_line    0x00000fa7      0x139 ./Common/os/ports/GCC/ARMCMx/crt0.o
 .debug_line    0x000010e0      0x297 ./Common/os/kernel/src/chdebug.o
 .debug_line    0x00001377      0x1c9 ./Common/os/kernel/src/chregistry.o
 .debug_line    0x00001540      0x339 ./Common/os/kernel/src/chschd.o
 .debug_line    0x00001879      0x1f1 ./Common/os/kernel/src/chsys.o
 .debug_line    0x00001a6a      0x34a ./Common/os/kernel/src/chthreads.o
 .debug_line    0x00001db4      0x19f ./Common/os/kernel/src/chvt.o
 .debug_line    0x00001f53      0x12b ./Common/os/hal/src/hal.o
 .debug_line    0x0000207e      0x181 ./Common/os/hal/platforms/STM32L1xx/hal_lld.o
 .debug_line    0x000021ff      0x30d ./Common/os/hal/platforms/STM32L1xx/stm32_dma.o
 .debug_line    0x0000250c      0x2bc ./Common/kl_lib/clocking_L1xx.o
 .debug_line    0x000027c8      0x30e ./Common/kl_lib/cmd_uart.o
 .debug_line    0x00002ad6      0x711 ./Common/kl_lib/kl_lib_L15x.o
 .debug_line    0x000031e7      0x1c1 ./Common/kl_lib/kl_sprintf.o

.debug_str      0x00000000     0x3655
 .debug_str     0x00000000      0xb34 ./src/main.o
                                0xbf4 (size before relaxing)
 .debug_str     0x00000b34      0x92d ./src/radio.o
                                0xf90 (size before relaxing)
 .debug_str     0x00001461      0x547 ./Radio/cc1101.o
                               0x149f (size before relaxing)
 .debug_str     0x000019a8      0x22e ./Common/os/ports/common/ARMCMx/nvic.o
                                0x2df (size before relaxing)
 .debug_str     0x00001bd6      0x179 ./Common/os/ports/GCC/ARMCMx/STM32L1xx/vectors.o
                                0x30d (size before relaxing)
 .debug_str     0x00001d4f       0xf0 ./Common/os/ports/GCC/ARMCMx/chcore_v7m.o
                                0x4f4 (size before relaxing)
 .debug_str     0x00001e3f      0x14a ./Common/os/ports/GCC/ARMCMx/crt0.o
                                0x2a3 (size before relaxing)
 .debug_str     0x00001f89      0x15f ./Common/os/kernel/src/chdebug.o
                                0x526 (size before relaxing)
 .debug_str     0x000020e8      0x161 ./Common/os/kernel/src/chregistry.o
                                0x488 (size before relaxing)
 .debug_str     0x00002249       0xfa ./Common/os/kernel/src/chschd.o
                                0x4f0 (size before relaxing)
 .debug_str     0x00002343       0xa5 ./Common/os/kernel/src/chsys.o
                                0x5a3 (size before relaxing)
 .debug_str     0x000023e8      0x107 ./Common/os/kernel/src/chthreads.o
                                0x53d (size before relaxing)
 .debug_str     0x000024ef       0x68 ./Common/os/kernel/src/chvt.o
                                0x298 (size before relaxing)
 .debug_str     0x00002557       0x54 ./Common/os/hal/src/hal.o
                                0x1f4 (size before relaxing)
 .debug_str     0x000025ab       0x84 ./Common/os/hal/platforms/STM32L1xx/hal_lld.o
                                0x788 (size before relaxing)
 .debug_str     0x0000262f      0x172 ./Common/os/hal/platforms/STM32L1xx/stm32_dma.o
                                0x6fc (size before relaxing)
 .debug_str     0x000027a1      0x12f ./Common/kl_lib/clocking_L1xx.o
                                0x8e0 (size before relaxing)
 .debug_str     0x000028d0       0xfc ./Common/kl_lib/cmd_uart.o
                                0xca8 (size before relaxing)
 .debug_str     0x000029cc      0xbf7 ./Common/kl_lib/kl_lib_L15x.o
                               0x1a7f (size before relaxing)
 .debug_str     0x000035c3       0x92 ./Common/kl_lib/kl_sprintf.o
                                0x281 (size before relaxing)

.comment        0x00000000       0x70
 .comment       0x00000000       0x70 ./src/main.o
                                 0x71 (size before relaxing)
 .comment       0x00000000       0x71 ./src/radio.o
 .comment       0x00000000       0x71 ./Radio/cc1101.o
 .comment       0x00000000       0x71 ./Common/os/ports/common/ARMCMx/nvic.o
 .comment       0x00000000       0x71 ./Common/os/ports/GCC/ARMCMx/STM32L1xx/vectors.o
 .comment       0x00000000       0x71 ./Common/os/ports/GCC/ARMCMx/chcore_v7m.o
 .comment       0x00000000       0x71 ./Common/os/ports/GCC/ARMCMx/crt0.o
 .comment       0x00000000       0x71 ./Common/os/kernel/src/chdebug.o
 .comment       0x00000000       0x71 ./Common/os/kernel/src/chregistry.o
 .comment       0x00000000       0x71 ./Common/os/kernel/src/chschd.o
 .comment       0x00000000       0x71 ./Common/os/kernel/src/chsys.o
 .comment       0x00000000       0x71 ./Common/os/kernel/src/chthreads.o
 .comment       0x00000000       0x71 ./Common/os/kernel/src/chvt.o
 .comment       0x00000000       0x71 ./Common/os/hal/src/hal.o
 .comment       0x00000000       0x71 ./Common/os/hal/platforms/STM32L1xx/hal_lld.o
 .comment       0x00000000       0x71 ./Common/os/hal/platforms/STM32L1xx/stm32_dma.o
 .comment       0x00000000       0x71 ./Common/kl_lib/clocking_L1xx.o
 .comment       0x00000000       0x71 ./Common/kl_lib/cmd_uart.o
 .comment       0x00000000       0x71 ./Common/kl_lib/kl_lib_L15x.o
 .comment       0x00000000       0x71 ./Common/kl_lib/kl_sprintf.o

.ARM.attributes
                0x00000000       0x33
 .ARM.attributes
                0x00000000       0x33 ./src/main.o
 .ARM.attributes
                0x00000033       0x33 ./src/radio.o
 .ARM.attributes
                0x00000066       0x33 ./Radio/cc1101.o
 .ARM.attributes
                0x00000099       0x33 ./Common/os/ports/common/ARMCMx/nvic.o
 .ARM.attributes
                0x000000cc       0x33 ./Common/os/ports/GCC/ARMCMx/STM32L1xx/vectors.o
 .ARM.attributes
                0x000000ff       0x33 ./Common/os/ports/GCC/ARMCMx/chcore_v7m.o
 .ARM.attributes
                0x00000132       0x33 ./Common/os/ports/GCC/ARMCMx/crt0.o
 .ARM.attributes
                0x00000165       0x33 ./Common/os/kernel/src/chdebug.o
 .ARM.attributes
                0x00000198       0x33 ./Common/os/kernel/src/chregistry.o
 .ARM.attributes
                0x000001cb       0x33 ./Common/os/kernel/src/chschd.o
 .ARM.attributes
                0x000001fe       0x33 ./Common/os/kernel/src/chsys.o
 .ARM.attributes
                0x00000231       0x33 ./Common/os/kernel/src/chthreads.o
 .ARM.attributes
                0x00000264       0x33 ./Common/os/kernel/src/chvt.o
 .ARM.attributes
                0x00000297       0x33 ./Common/os/hal/src/hal.o
 .ARM.attributes
                0x000002ca       0x33 ./Common/os/hal/platforms/STM32L1xx/hal_lld.o
 .ARM.attributes
                0x000002fd       0x33 ./Common/os/hal/platforms/STM32L1xx/stm32_dma.o
 .ARM.attributes
                0x00000330       0x33 ./Common/kl_lib/clocking_L1xx.o
 .ARM.attributes
                0x00000363       0x33 ./Common/kl_lib/cmd_uart.o
 .ARM.attributes
                0x00000396       0x33 ./Common/kl_lib/kl_lib_L15x.o
 .ARM.attributes
                0x000003c9       0x33 ./Common/kl_lib/kl_sprintf.o
 .ARM.attributes
                0x000003fc       0x2d c:/ostrannastudio/tools/gcc/bin/../lib/gcc/arm-none-eabi/4.8.3/../../../../arm-none-eabi/lib/armv7-m\libg.a(lib_a-memset.o)

.debug_frame    0x00000000      0xe84
 .debug_frame   0x00000000       0x38 ./src/main.o
 .debug_frame   0x00000038       0x70 ./src/radio.o
 .debug_frame   0x000000a8      0x234 ./Radio/cc1101.o
 .debug_frame   0x000002dc       0x54 ./Common/os/ports/common/ARMCMx/nvic.o
 .debug_frame   0x00000330       0x20 ./Common/os/ports/GCC/ARMCMx/STM32L1xx/vectors.o
 .debug_frame   0x00000350       0x98 ./Common/os/ports/GCC/ARMCMx/chcore_v7m.o
 .debug_frame   0x000003e8       0x50 ./Common/os/ports/GCC/ARMCMx/crt0.o
 .debug_frame   0x00000438      0x110 ./Common/os/kernel/src/chdebug.o
 .debug_frame   0x00000548       0x40 ./Common/os/kernel/src/chregistry.o
 .debug_frame   0x00000588      0x10c ./Common/os/kernel/src/chschd.o
 .debug_frame   0x00000694       0x5c ./Common/os/kernel/src/chsys.o
 .debug_frame   0x000006f0      0x154 ./Common/os/kernel/src/chthreads.o
 .debug_frame   0x00000844       0x68 ./Common/os/kernel/src/chvt.o
 .debug_frame   0x000008ac       0x20 ./Common/os/hal/src/hal.o
 .debug_frame   0x000008cc       0x20 ./Common/os/hal/platforms/STM32L1xx/hal_lld.o
 .debug_frame   0x000008ec      0x104 ./Common/os/hal/platforms/STM32L1xx/stm32_dma.o
 .debug_frame   0x000009f0      0x120 ./Common/kl_lib/clocking_L1xx.o
 .debug_frame   0x00000b10       0xac ./Common/kl_lib/cmd_uart.o
 .debug_frame   0x00000bbc      0x248 ./Common/kl_lib/kl_lib_L15x.o
 .debug_frame   0x00000e04       0x54 ./Common/kl_lib/kl_sprintf.o
 .debug_frame   0x00000e58       0x2c c:/ostrannastudio/tools/gcc/bin/../lib/gcc/arm-none-eabi/4.8.3/../../../../arm-none-eabi/lib/armv7-m\libg.a(lib_a-memset.o)

.debug_loc      0x00000000     0x3616
 .debug_loc     0x00000000       0x8f ./src/radio.o
 .debug_loc     0x0000008f      0xb7b ./Radio/cc1101.o
 .debug_loc     0x00000c0a      0x16a ./Common/os/ports/common/ARMCMx/nvic.o
 .debug_loc     0x00000d74       0x4d ./Common/os/ports/GCC/ARMCMx/chcore_v7m.o
 .debug_loc     0x00000dc1      0x14b ./Common/os/ports/GCC/ARMCMx/crt0.o
 .debug_loc     0x00000f0c       0x68 ./Common/os/kernel/src/chregistry.o
 .debug_loc     0x00000f74      0x297 ./Common/os/kernel/src/chschd.o
 .debug_loc     0x0000120b       0x26 ./Common/os/kernel/src/chsys.o
 .debug_loc     0x00001231      0x50a ./Common/os/kernel/src/chthreads.o
 .debug_loc     0x0000173b      0x142 ./Common/os/kernel/src/chvt.o
 .debug_loc     0x0000187d      0x174 ./Common/os/hal/platforms/STM32L1xx/stm32_dma.o
 .debug_loc     0x000019f1      0x5c5 ./Common/kl_lib/clocking_L1xx.o
 .debug_loc     0x00001fb6      0x157 ./Common/kl_lib/cmd_uart.o
 .debug_loc     0x0000210d     0x11e7 ./Common/kl_lib/kl_lib_L15x.o
 .debug_loc     0x000032f4      0x322 ./Common/kl_lib/kl_sprintf.o
