Archive member included because of file (symbol)

c:/ostrannastudio/tools/gcc/bin/../lib/gcc/arm-none-eabi/4.8.3/../../../../arm-none-eabi/lib/armv7-m\libg.a(lib_a-memset.o)
                              ./Common/kl_lib/clocking_L1xx.o (memset)

Allocating common symbols
Common symbol       size              file

dbg_trace_buffer    0x408             ./Common/os/kernel/src/chdebug.o
dbg_panic_msg       0x4               ./Common/os/kernel/src/chdebug.o
dbg_isr_cnt         0x4               ./Common/os/kernel/src/chdebug.o
vtlist              0x10              ./Common/os/kernel/src/chvt.o
rlist               0x1c              ./Common/os/kernel/src/chschd.o
dbg_lock_cnt        0x4               ./Common/os/kernel/src/chdebug.o
_idle_thread_wa     0xa8              ./Common/os/kernel/src/chsys.o

Discarded input sections

 .group         0x00000000        0x8 ./src/application.o
 .group         0x00000000        0x8 ./src/application.o
 .group         0x00000000        0x8 ./src/application.o
 .group         0x00000000        0x8 ./src/application.o
 .text          0x00000000        0x0 ./src/application.o
 .data          0x00000000        0x0 ./src/application.o
 .bss           0x00000000        0x0 ./src/application.o
 .text._Z15TmrDoseCallbackPv
                0x00000000       0x3c ./src/application.o
 .text._Z19TmrDoseSaveCallbackPv
                0x00000000       0x3c ./src/application.o
 .text._init    0x00000000        0x2 ./src/application.o
 .text._ZN9CmdUart_t3CmdEhPhm
                0x00000000       0x20 ./src/application.o
 .text._ZN8LedRGB_t10StartBlinkEPK10LedChunk_t
                0x00000000       0x26 ./src/application.o
 .text._ZN6Dose_t16ChangeIndicationEv
                0x00000000       0xcc ./src/application.o
 .text._Z3Ackh  0x00000000       0x1c ./src/application.o
 .text._Z15UartCmdCallbackhPhm
                0x00000000       0xf8 ./src/application.o
 .rodata._ZL10LedRedFast
                0x00000000       0x10 ./src/application.o
 .bss._ZL4SBuf  0x00000000       0x24 ./src/application.o
 .rodata._ZL8LedGreen
                0x00000000       0x10 ./src/application.o
 .rodata._ZL8BeepBeep
                0x00000000       0x18 ./src/application.o
 .rodata._ZL11BeepRedFast
                0x00000000       0x10 ./src/application.o
 .rodata._ZL9LedYellow
                0x00000000       0x10 ./src/application.o
 .bss._ZL4Dose  0x00000000        0x8 ./src/application.o
 .rodata._ZL10LedRedSlow
                0x00000000       0x10 ./src/application.o
 .bss._ZL8ITmrDose
                0x00000000       0x14 ./src/application.o
 .bss._ZL12ITmrDoseSave
                0x00000000       0x14 ./src/application.o
 .rodata._ZL9BeepDeath
                0x00000000       0x10 ./src/application.o
 .text          0x00000000        0x0 ./src/main.o
 .data          0x00000000        0x0 ./src/main.o
 .bss           0x00000000        0x0 ./src/main.o
 .text._init    0x00000000        0x2 ./src/main.o
 .text          0x00000000        0x0 ./src/radio_lvl1.o
 .data          0x00000000        0x0 ./src/radio_lvl1.o
 .bss           0x00000000        0x0 ./src/radio_lvl1.o
 .text._init    0x00000000        0x2 ./src/radio_lvl1.o
 .group         0x00000000        0x8 ./Radio/cc1101.o
 .group         0x00000000        0x8 ./Radio/cc1101.o
 .text          0x00000000        0x0 ./Radio/cc1101.o
 .data          0x00000000        0x0 ./Radio/cc1101.o
 .bss           0x00000000        0x0 ./Radio/cc1101.o
 .text.unlikely._ZL14PinClockEnableP12GPIO_TypeDef.part.0
                0x00000000       0x10 ./Radio/cc1101.o
 .text._init    0x00000000        0x2 ./Radio/cc1101.o
 .text._ZN8cc1101_t12ReceiveAsyncEv
                0x00000000       0x1e ./Radio/cc1101.o
 .text._ZN8cc1101_t7WriteTXEPhh
                0x00000000       0x3c ./Radio/cc1101.o
 .text._ZN8cc1101_t12TransmitSyncEP6rPkt_t
                0x00000000       0x48 ./Radio/cc1101.o
 .text._ZN8cc1101_t13TransmitAsyncEP6rPkt_t
                0x00000000       0x2e ./Radio/cc1101.o
 .text          0x00000000        0x0 ./Common/os/ports/common/ARMCMx/nvic.o
 .data          0x00000000        0x0 ./Common/os/ports/common/ARMCMx/nvic.o
 .bss           0x00000000        0x0 ./Common/os/ports/common/ARMCMx/nvic.o
 .text.nvicDisableVector
                0x00000000       0x3c ./Common/os/ports/common/ARMCMx/nvic.o
 .text          0x00000000        0x0 ./Common/os/ports/GCC/ARMCMx/STM32L1xx/vectors.o
 .data          0x00000000        0x0 ./Common/os/ports/GCC/ARMCMx/STM32L1xx/vectors.o
 .bss           0x00000000        0x0 ./Common/os/ports/GCC/ARMCMx/STM32L1xx/vectors.o
 .text          0x00000000        0x0 ./Common/os/ports/GCC/ARMCMx/chcore.o
 .data          0x00000000        0x0 ./Common/os/ports/GCC/ARMCMx/chcore.o
 .bss           0x00000000        0x0 ./Common/os/ports/GCC/ARMCMx/chcore.o
 .text.port_halt
                0x00000000        0x4 ./Common/os/ports/GCC/ARMCMx/chcore.o
 .debug_info    0x00000000       0x92 ./Common/os/ports/GCC/ARMCMx/chcore.o
 .debug_abbrev  0x00000000       0x42 ./Common/os/ports/GCC/ARMCMx/chcore.o
 .debug_aranges
                0x00000000       0x20 ./Common/os/ports/GCC/ARMCMx/chcore.o
 .debug_ranges  0x00000000       0x10 ./Common/os/ports/GCC/ARMCMx/chcore.o
 .debug_line    0x00000000       0x83 ./Common/os/ports/GCC/ARMCMx/chcore.o
 .debug_str     0x00000000      0x1c7 ./Common/os/ports/GCC/ARMCMx/chcore.o
 .comment       0x00000000       0x71 ./Common/os/ports/GCC/ARMCMx/chcore.o
 .ARM.attributes
                0x00000000       0x33 ./Common/os/ports/GCC/ARMCMx/chcore.o
 .debug_frame   0x00000000       0x20 ./Common/os/ports/GCC/ARMCMx/chcore.o
 .text          0x00000000        0x0 ./Common/os/ports/GCC/ARMCMx/chcore_v7m.o
 .data          0x00000000        0x0 ./Common/os/ports/GCC/ARMCMx/chcore_v7m.o
 .bss           0x00000000        0x0 ./Common/os/ports/GCC/ARMCMx/chcore_v7m.o
 .text          0x00000000        0x0 ./Common/os/ports/GCC/ARMCMx/crt0.o
 .data          0x00000000        0x0 ./Common/os/ports/GCC/ARMCMx/crt0.o
 .bss           0x00000000        0x0 ./Common/os/ports/GCC/ARMCMx/crt0.o
 .text          0x00000000        0x0 ./Common/os/kernel/src/chcond.o
 .data          0x00000000        0x0 ./Common/os/kernel/src/chcond.o
 .bss           0x00000000        0x0 ./Common/os/kernel/src/chcond.o
 .debug_info    0x00000000       0x79 ./Common/os/kernel/src/chcond.o
 .debug_abbrev  0x00000000       0x26 ./Common/os/kernel/src/chcond.o
 .debug_aranges
                0x00000000       0x18 ./Common/os/kernel/src/chcond.o
 .debug_line    0x00000000       0x1d ./Common/os/kernel/src/chcond.o
 .debug_str     0x00000000      0x1b7 ./Common/os/kernel/src/chcond.o
 .comment       0x00000000       0x71 ./Common/os/kernel/src/chcond.o
 .ARM.attributes
                0x00000000       0x33 ./Common/os/kernel/src/chcond.o
 .text          0x00000000        0x0 ./Common/os/kernel/src/chdebug.o
 .data          0x00000000        0x0 ./Common/os/kernel/src/chdebug.o
 .bss           0x00000000        0x0 ./Common/os/kernel/src/chdebug.o
 .text.dbg_check_disable
                0x00000000       0x20 ./Common/os/kernel/src/chdebug.o
 .text.dbg_check_suspend
                0x00000000       0x20 ./Common/os/kernel/src/chdebug.o
 .text          0x00000000        0x0 ./Common/os/kernel/src/chdynamic.o
 .data          0x00000000        0x0 ./Common/os/kernel/src/chdynamic.o
 .bss           0x00000000        0x0 ./Common/os/kernel/src/chdynamic.o
 .debug_info    0x00000000       0x79 ./Common/os/kernel/src/chdynamic.o
 .debug_abbrev  0x00000000       0x26 ./Common/os/kernel/src/chdynamic.o
 .debug_aranges
                0x00000000       0x18 ./Common/os/kernel/src/chdynamic.o
 .debug_line    0x00000000       0x1d ./Common/os/kernel/src/chdynamic.o
 .debug_str     0x00000000      0x1ba ./Common/os/kernel/src/chdynamic.o
 .comment       0x00000000       0x71 ./Common/os/kernel/src/chdynamic.o
 .ARM.attributes
                0x00000000       0x33 ./Common/os/kernel/src/chdynamic.o
 .text          0x00000000        0x0 ./Common/os/kernel/src/chevents.o
 .data          0x00000000        0x0 ./Common/os/kernel/src/chevents.o
 .bss           0x00000000        0x0 ./Common/os/kernel/src/chevents.o
 .text.chEvtRegisterMask
                0x00000000       0x44 ./Common/os/kernel/src/chevents.o
 .text.chEvtUnregister
                0x00000000       0x40 ./Common/os/kernel/src/chevents.o
 .text.chEvtGetAndClearEvents
                0x00000000       0x30 ./Common/os/kernel/src/chevents.o
 .text.chEvtAddEvents
                0x00000000       0x2c ./Common/os/kernel/src/chevents.o
 .text.chEvtGetAndClearFlags
                0x00000000       0x22 ./Common/os/kernel/src/chevents.o
 .text.chEvtBroadcastFlagsI
                0x00000000       0x30 ./Common/os/kernel/src/chevents.o
 .text.chEvtSignal
                0x00000000       0x34 ./Common/os/kernel/src/chevents.o
 .text.chEvtBroadcastFlags
                0x00000000       0x28 ./Common/os/kernel/src/chevents.o
 .text.chEvtGetAndClearFlagsI
                0x00000000        0xa ./Common/os/kernel/src/chevents.o
 .text.chEvtDispatch
                0x00000000       0x48 ./Common/os/kernel/src/chevents.o
 .text.chEvtWaitOne
                0x00000000       0x44 ./Common/os/kernel/src/chevents.o
 .text.chEvtWaitAll
                0x00000000       0x3c ./Common/os/kernel/src/chevents.o
 .text          0x00000000        0x0 ./Common/os/kernel/src/chheap.o
 .data          0x00000000        0x0 ./Common/os/kernel/src/chheap.o
 .bss           0x00000000        0x0 ./Common/os/kernel/src/chheap.o
 .debug_info    0x00000000       0x79 ./Common/os/kernel/src/chheap.o
 .debug_abbrev  0x00000000       0x26 ./Common/os/kernel/src/chheap.o
 .debug_aranges
                0x00000000       0x18 ./Common/os/kernel/src/chheap.o
 .debug_line    0x00000000       0x1d ./Common/os/kernel/src/chheap.o
 .debug_str     0x00000000      0x1b7 ./Common/os/kernel/src/chheap.o
 .comment       0x00000000       0x71 ./Common/os/kernel/src/chheap.o
 .ARM.attributes
                0x00000000       0x33 ./Common/os/kernel/src/chheap.o
 .text          0x00000000        0x0 ./Common/os/kernel/src/chlists.o
 .data          0x00000000        0x0 ./Common/os/kernel/src/chlists.o
 .bss           0x00000000        0x0 ./Common/os/kernel/src/chlists.o
 .debug_info    0x00000000       0x79 ./Common/os/kernel/src/chlists.o
 .debug_abbrev  0x00000000       0x26 ./Common/os/kernel/src/chlists.o
 .debug_aranges
                0x00000000       0x18 ./Common/os/kernel/src/chlists.o
 .debug_line    0x00000000       0x1d ./Common/os/kernel/src/chlists.o
 .debug_str     0x00000000      0x1b8 ./Common/os/kernel/src/chlists.o
 .comment       0x00000000       0x71 ./Common/os/kernel/src/chlists.o
 .ARM.attributes
                0x00000000       0x33 ./Common/os/kernel/src/chlists.o
 .text          0x00000000        0x0 ./Common/os/kernel/src/chmboxes.o
 .data          0x00000000        0x0 ./Common/os/kernel/src/chmboxes.o
 .bss           0x00000000        0x0 ./Common/os/kernel/src/chmboxes.o
 .debug_info    0x00000000       0x79 ./Common/os/kernel/src/chmboxes.o
 .debug_abbrev  0x00000000       0x26 ./Common/os/kernel/src/chmboxes.o
 .debug_aranges
                0x00000000       0x18 ./Common/os/kernel/src/chmboxes.o
 .debug_line    0x00000000       0x1d ./Common/os/kernel/src/chmboxes.o
 .debug_str     0x00000000      0x1b9 ./Common/os/kernel/src/chmboxes.o
 .comment       0x00000000       0x71 ./Common/os/kernel/src/chmboxes.o
 .ARM.attributes
                0x00000000       0x33 ./Common/os/kernel/src/chmboxes.o
 .text          0x00000000        0x0 ./Common/os/kernel/src/chmemcore.o
 .data          0x00000000        0x0 ./Common/os/kernel/src/chmemcore.o
 .bss           0x00000000        0x0 ./Common/os/kernel/src/chmemcore.o
 .debug_info    0x00000000       0x79 ./Common/os/kernel/src/chmemcore.o
 .debug_abbrev  0x00000000       0x26 ./Common/os/kernel/src/chmemcore.o
 .debug_aranges
                0x00000000       0x18 ./Common/os/kernel/src/chmemcore.o
 .debug_line    0x00000000       0x1d ./Common/os/kernel/src/chmemcore.o
 .debug_str     0x00000000      0x1ba ./Common/os/kernel/src/chmemcore.o
 .comment       0x00000000       0x71 ./Common/os/kernel/src/chmemcore.o
 .ARM.attributes
                0x00000000       0x33 ./Common/os/kernel/src/chmemcore.o
 .text          0x00000000        0x0 ./Common/os/kernel/src/chmempools.o
 .data          0x00000000        0x0 ./Common/os/kernel/src/chmempools.o
 .bss           0x00000000        0x0 ./Common/os/kernel/src/chmempools.o
 .debug_info    0x00000000       0x79 ./Common/os/kernel/src/chmempools.o
 .debug_abbrev  0x00000000       0x26 ./Common/os/kernel/src/chmempools.o
 .debug_aranges
                0x00000000       0x18 ./Common/os/kernel/src/chmempools.o
 .debug_line    0x00000000       0x1d ./Common/os/kernel/src/chmempools.o
 .debug_str     0x00000000      0x1bb ./Common/os/kernel/src/chmempools.o
 .comment       0x00000000       0x71 ./Common/os/kernel/src/chmempools.o
 .ARM.attributes
                0x00000000       0x33 ./Common/os/kernel/src/chmempools.o
 .text          0x00000000        0x0 ./Common/os/kernel/src/chmsg.o
 .data          0x00000000        0x0 ./Common/os/kernel/src/chmsg.o
 .bss           0x00000000        0x0 ./Common/os/kernel/src/chmsg.o
 .debug_info    0x00000000       0x79 ./Common/os/kernel/src/chmsg.o
 .debug_abbrev  0x00000000       0x26 ./Common/os/kernel/src/chmsg.o
 .debug_aranges
                0x00000000       0x18 ./Common/os/kernel/src/chmsg.o
 .debug_line    0x00000000       0x1d ./Common/os/kernel/src/chmsg.o
 .debug_str     0x00000000      0x1b6 ./Common/os/kernel/src/chmsg.o
 .comment       0x00000000       0x71 ./Common/os/kernel/src/chmsg.o
 .ARM.attributes
                0x00000000       0x33 ./Common/os/kernel/src/chmsg.o
 .text          0x00000000        0x0 ./Common/os/kernel/src/chmtx.o
 .data          0x00000000        0x0 ./Common/os/kernel/src/chmtx.o
 .bss           0x00000000        0x0 ./Common/os/kernel/src/chmtx.o
 .debug_info    0x00000000       0x79 ./Common/os/kernel/src/chmtx.o
 .debug_abbrev  0x00000000       0x26 ./Common/os/kernel/src/chmtx.o
 .debug_aranges
                0x00000000       0x18 ./Common/os/kernel/src/chmtx.o
 .debug_line    0x00000000       0x1d ./Common/os/kernel/src/chmtx.o
 .debug_str     0x00000000      0x1b6 ./Common/os/kernel/src/chmtx.o
 .comment       0x00000000       0x71 ./Common/os/kernel/src/chmtx.o
 .ARM.attributes
                0x00000000       0x33 ./Common/os/kernel/src/chmtx.o
 .text          0x00000000        0x0 ./Common/os/kernel/src/chqueues.o
 .data          0x00000000        0x0 ./Common/os/kernel/src/chqueues.o
 .bss           0x00000000        0x0 ./Common/os/kernel/src/chqueues.o
 .debug_info    0x00000000       0x79 ./Common/os/kernel/src/chqueues.o
 .debug_abbrev  0x00000000       0x26 ./Common/os/kernel/src/chqueues.o
 .debug_aranges
                0x00000000       0x18 ./Common/os/kernel/src/chqueues.o
 .debug_line    0x00000000       0x1d ./Common/os/kernel/src/chqueues.o
 .debug_str     0x00000000      0x1b9 ./Common/os/kernel/src/chqueues.o
 .comment       0x00000000       0x71 ./Common/os/kernel/src/chqueues.o
 .ARM.attributes
                0x00000000       0x33 ./Common/os/kernel/src/chqueues.o
 .text          0x00000000        0x0 ./Common/os/kernel/src/chregistry.o
 .data          0x00000000        0x0 ./Common/os/kernel/src/chregistry.o
 .bss           0x00000000        0x0 ./Common/os/kernel/src/chregistry.o
 .text.chRegFirstThread
                0x00000000       0x24 ./Common/os/kernel/src/chregistry.o
 .text.chRegNextThread
                0x00000000       0x2c ./Common/os/kernel/src/chregistry.o
 .text          0x00000000        0x0 ./Common/os/kernel/src/chschd.o
 .data          0x00000000        0x0 ./Common/os/kernel/src/chschd.o
 .bss           0x00000000        0x0 ./Common/os/kernel/src/chschd.o
 .text.chSchRescheduleS
                0x00000000       0x24 ./Common/os/kernel/src/chschd.o
 .text          0x00000000        0x0 ./Common/os/kernel/src/chsem.o
 .data          0x00000000        0x0 ./Common/os/kernel/src/chsem.o
 .bss           0x00000000        0x0 ./Common/os/kernel/src/chsem.o
 .text.chSemResetI
                0x00000000       0x58 ./Common/os/kernel/src/chsem.o
 .text.chSemReset
                0x00000000       0x28 ./Common/os/kernel/src/chsem.o
 .text.chSemWaitTimeoutS
                0x00000000       0x6c ./Common/os/kernel/src/chsem.o
 .text.chSemWaitTimeout
                0x00000000       0x28 ./Common/os/kernel/src/chsem.o
 .text.chSemSignalI
                0x00000000       0x50 ./Common/os/kernel/src/chsem.o
 .text.chSemAddCounterI
                0x00000000       0x5c ./Common/os/kernel/src/chsem.o
 .text.chSemSignalWait
                0x00000000       0xac ./Common/os/kernel/src/chsem.o
 .text          0x00000000        0x0 ./Common/os/kernel/src/chsys.o
 .data          0x00000000        0x0 ./Common/os/kernel/src/chsys.o
 .bss           0x00000000        0x0 ./Common/os/kernel/src/chsys.o
 .text          0x00000000        0x0 ./Common/os/kernel/src/chthreads.o
 .data          0x00000000        0x0 ./Common/os/kernel/src/chthreads.o
 .bss           0x00000000        0x0 ./Common/os/kernel/src/chthreads.o
 .text._thread_memfill
                0x00000000        0xc ./Common/os/kernel/src/chthreads.o
 .text.chThdSetPriority
                0x00000000       0x3c ./Common/os/kernel/src/chthreads.o
 .text.chThdResume
                0x00000000       0x38 ./Common/os/kernel/src/chthreads.o
 .text.chThdTerminate
                0x00000000       0x26 ./Common/os/kernel/src/chthreads.o
 .text.chThdSleepUntil
                0x00000000       0x2c ./Common/os/kernel/src/chthreads.o
 .text.chThdYield
                0x00000000       0x30 ./Common/os/kernel/src/chthreads.o
 .text.chThdWait
                0x00000000       0x58 ./Common/os/kernel/src/chthreads.o
 .text          0x00000000        0x0 ./Common/os/kernel/src/chvt.o
 .data          0x00000000        0x0 ./Common/os/kernel/src/chvt.o
 .bss           0x00000000        0x0 ./Common/os/kernel/src/chvt.o
 .text.chTimeIsWithin
                0x00000000       0x28 ./Common/os/kernel/src/chvt.o
 .text          0x00000000        0x0 ./Common/os/hal/src/ext.o
 .data          0x00000000        0x0 ./Common/os/hal/src/ext.o
 .bss           0x00000000        0x0 ./Common/os/hal/src/ext.o
 .debug_info    0x00000000       0x95 ./Common/os/hal/src/ext.o
 .debug_abbrev  0x00000000       0x4b ./Common/os/hal/src/ext.o
 .debug_aranges
                0x00000000       0x18 ./Common/os/hal/src/ext.o
 .debug_line    0x00000000       0x9b ./Common/os/hal/src/ext.o
 .debug_str     0x00000000      0x1c6 ./Common/os/hal/src/ext.o
 .comment       0x00000000       0x71 ./Common/os/hal/src/ext.o
 .ARM.attributes
                0x00000000       0x33 ./Common/os/hal/src/ext.o
 .text          0x00000000        0x0 ./Common/os/hal/src/hal.o
 .data          0x00000000        0x0 ./Common/os/hal/src/hal.o
 .bss           0x00000000        0x0 ./Common/os/hal/src/hal.o
 .text          0x00000000        0x0 ./Common/os/hal/src/rtc.o
 .data          0x00000000        0x0 ./Common/os/hal/src/rtc.o
 .bss           0x00000000        0x0 ./Common/os/hal/src/rtc.o
 .debug_info    0x00000000       0x95 ./Common/os/hal/src/rtc.o
 .debug_abbrev  0x00000000       0x4b ./Common/os/hal/src/rtc.o
 .debug_aranges
                0x00000000       0x18 ./Common/os/hal/src/rtc.o
 .debug_line    0x00000000       0x9b ./Common/os/hal/src/rtc.o
 .debug_str     0x00000000      0x1c6 ./Common/os/hal/src/rtc.o
 .comment       0x00000000       0x71 ./Common/os/hal/src/rtc.o
 .ARM.attributes
                0x00000000       0x33 ./Common/os/hal/src/rtc.o
 .text          0x00000000        0x0 ./Common/os/hal/platforms/STM32L1xx/ext_lld_isr.o
 .data          0x00000000        0x0 ./Common/os/hal/platforms/STM32L1xx/ext_lld_isr.o
 .bss           0x00000000        0x0 ./Common/os/hal/platforms/STM32L1xx/ext_lld_isr.o
 .debug_info    0x00000000       0x95 ./Common/os/hal/platforms/STM32L1xx/ext_lld_isr.o
 .debug_abbrev  0x00000000       0x4b ./Common/os/hal/platforms/STM32L1xx/ext_lld_isr.o
 .debug_aranges
                0x00000000       0x18 ./Common/os/hal/platforms/STM32L1xx/ext_lld_isr.o
 .debug_line    0x00000000       0x9b ./Common/os/hal/platforms/STM32L1xx/ext_lld_isr.o
 .debug_str     0x00000000      0x1de ./Common/os/hal/platforms/STM32L1xx/ext_lld_isr.o
 .comment       0x00000000       0x71 ./Common/os/hal/platforms/STM32L1xx/ext_lld_isr.o
 .ARM.attributes
                0x00000000       0x33 ./Common/os/hal/platforms/STM32L1xx/ext_lld_isr.o
 .text          0x00000000        0x0 ./Common/os/hal/platforms/STM32L1xx/hal_lld.o
 .data          0x00000000        0x0 ./Common/os/hal/platforms/STM32L1xx/hal_lld.o
 .bss           0x00000000        0x0 ./Common/os/hal/platforms/STM32L1xx/hal_lld.o
 .text          0x00000000        0x0 ./Common/os/hal/platforms/STM32L1xx/stm32_dma.o
 .data          0x00000000        0x0 ./Common/os/hal/platforms/STM32L1xx/stm32_dma.o
 .bss           0x00000000        0x0 ./Common/os/hal/platforms/STM32L1xx/stm32_dma.o
 .text.dmaStreamRelease
                0x00000000       0x58 ./Common/os/hal/platforms/STM32L1xx/stm32_dma.o
 .text          0x00000000        0x0 ./Common/kl_lib/clocking_L1xx.o
 .data          0x00000000        0x0 ./Common/kl_lib/clocking_L1xx.o
 .bss           0x00000000        0x0 ./Common/kl_lib/clocking_L1xx.o
 .text._ZN5Clk_t9EnableHSEEv
                0x00000000       0x28 ./Common/kl_lib/clocking_L1xx.o
 .text._ZN5Clk_t9EnableHSIEv
                0x00000000       0x28 ./Common/kl_lib/clocking_L1xx.o
 .text._ZN5Clk_t9EnablePLLEv
                0x00000000       0x28 ./Common/kl_lib/clocking_L1xx.o
 .text._ZN5Clk_t9EnableMSIEv
                0x00000000       0x28 ./Common/kl_lib/clocking_L1xx.o
 .text._ZN5Clk_t16SetupBusDividersE8AHBDiv_t8APBDiv_tS1_
                0x00000000       0x24 ./Common/kl_lib/clocking_L1xx.o
 .text._ZN5Clk_t11SwitchToHSIEv
                0x00000000       0x2c ./Common/kl_lib/clocking_L1xx.o
 .text._ZN5Clk_t11SwitchToHSEEv
                0x00000000       0x2c ./Common/kl_lib/clocking_L1xx.o
 .text._ZN5Clk_t11SwitchToPLLEv
                0x00000000       0x34 ./Common/kl_lib/clocking_L1xx.o
 .text._ZN5Clk_t11SwitchToMSIEv
                0x00000000       0x24 ./Common/kl_lib/clocking_L1xx.o
 .text._ZN5Clk_t14SetupPLLMulDivE8PllMul_t8PllDiv_t
                0x00000000       0x2c ./Common/kl_lib/clocking_L1xx.o
 .text._ZN5Clk_t17SetupFlashLatencyEh
                0x00000000       0x48 ./Common/kl_lib/clocking_L1xx.o
 .text          0x00000000        0x0 ./Common/kl_lib/cmd_uart.o
 .data          0x00000000        0x0 ./Common/kl_lib/cmd_uart.o
 .bss           0x00000000        0x0 ./Common/kl_lib/cmd_uart.o
 .text._init    0x00000000        0x2 ./Common/kl_lib/cmd_uart.o
 .group         0x00000000        0x8 ./Common/kl_lib/kl_lib_L15x.o
 .text          0x00000000        0x0 ./Common/kl_lib/kl_lib_L15x.o
 .data          0x00000000        0x0 ./Common/kl_lib/kl_lib_L15x.o
 .bss           0x00000000        0x0 ./Common/kl_lib/kl_lib_L15x.o
 .text._init    0x00000000        0x2 ./Common/kl_lib/kl_lib_L15x.o
 .text._ZN7Flash_t20WaitForLastOperationEv
                0x00000000       0x30 ./Common/kl_lib/kl_lib_L15x.o
 .text._ZN7Timer_t4InitEP11TIM_TypeDef
                0x00000000       0xd0 ./Common/kl_lib/kl_lib_L15x.o
 .text._ZN7Timer_t7InitPwmEP12GPIO_TypeDefth10Inverted_t10PinSpeed_t
                0x00000000       0xec ./Common/kl_lib/kl_lib_L15x.o
 .text._ZN5i2c_t5ResetEv
                0x00000000       0x12 ./Common/kl_lib/kl_lib_L15x.o
 .text._ZN5i2c_t6WaitRxEv
                0x00000000       0x18 ./Common/kl_lib/kl_lib_L15x.o
 .text._ZN5i2c_t8WaitStopEv
                0x00000000       0x18 ./Common/kl_lib/kl_lib_L15x.o
 .text._ZN8Eeprom_t7Write32Emm
                0x00000000       0x1c ./Common/kl_lib/kl_lib_L15x.o
 .text._ZN8Eeprom_t7ReadBufEPvmm
                0x00000000        0x2 ./Common/kl_lib/kl_lib_L15x.o
 .text          0x00000000        0x0 ./Common/kl_lib/kl_sprintf.o
 .data          0x00000000        0x0 ./Common/kl_lib/kl_sprintf.o
 .bss           0x00000000        0x0 ./Common/kl_lib/kl_sprintf.o
 .group         0x00000000        0x8 ./Common/eestore.o
 .group         0x00000000        0x8 ./Common/eestore.o
 .text          0x00000000        0x0 ./Common/eestore.o
 .data          0x00000000        0x0 ./Common/eestore.o
 .bss           0x00000000        0x0 ./Common/eestore.o
 .text._init    0x00000000        0x2 ./Common/eestore.o
 .text._ZN7Flash_t20WaitForLastOperationEv
                0x00000000       0x30 ./Common/eestore.o
 .text._ZN7Flash_t8UnlockEEEv
                0x00000000       0x44 ./Common/eestore.o
 .text._ZN9EEStore_t16GetLastValuedPtrEPP11EEChunk32_t
                0x00000000       0x48 ./Common/eestore.o
 .text._ZN9EEStore_t3PutEPm
                0x00000000       0x88 ./Common/eestore.o
 .text._ZN9EEStore_t3GetEPm
                0x00000000       0x1a ./Common/eestore.o
 .text._ZN9EEStore_t6RemoveEv
                0x00000000       0x28 ./Common/eestore.o
 .debug_info    0x00000000      0x752 ./Common/eestore.o
 .debug_abbrev  0x00000000      0x3b5 ./Common/eestore.o
 .debug_loc     0x00000000      0x1e9 ./Common/eestore.o
 .debug_aranges
                0x00000000       0x50 ./Common/eestore.o
 .debug_ranges  0x00000000       0x90 ./Common/eestore.o
 .debug_line    0x00000000      0x28d ./Common/eestore.o
 .debug_str     0x00000000      0x492 ./Common/eestore.o
 .comment       0x00000000       0x71 ./Common/eestore.o
 .ARM.attributes
                0x00000000       0x33 ./Common/eestore.o
 .debug_frame   0x00000000       0xb8 ./Common/eestore.o
 .text          0x00000000        0x0 ./Common/peripheral.o
 .data          0x00000000        0x0 ./Common/peripheral.o
 .bss           0x00000000        0x0 ./Common/peripheral.o
 .text.unlikely._ZL14PinClockEnableP12GPIO_TypeDef.part.0
                0x00000000       0x10 ./Common/peripheral.o
 .text._init    0x00000000        0x2 ./Common/peripheral.o
 .text._ZN8Beeper_t8ShutdownEv
                0x00000000       0x24 ./Common/peripheral.o
 .text._ZN8LedRGB_t12IStartBlinkIEPK10LedChunk_t
                0x00000000       0x54 ./Common/peripheral.o
 .text._ZL14LedTmrCallbackPv
                0x00000000       0x28 ./Common/peripheral.o
 .text          0x00000000        0x0 ./Common/pill_mgr.o
 .data          0x00000000        0x0 ./Common/pill_mgr.o
 .bss           0x00000000        0x0 ./Common/pill_mgr.o
 .text._init    0x00000000        0x2 ./Common/pill_mgr.o
 .text._ZN9PillMgr_t5WriteEhPhm
                0x00000000       0x6c ./Common/pill_mgr.o
 .text          0x00000000        0x0 c:/ostrannastudio/tools/gcc/bin/../lib/gcc/arm-none-eabi/4.8.3/../../../../arm-none-eabi/lib/armv7-m\libg.a(lib_a-memset.o)
 .data          0x00000000        0x0 c:/ostrannastudio/tools/gcc/bin/../lib/gcc/arm-none-eabi/4.8.3/../../../../arm-none-eabi/lib/armv7-m\libg.a(lib_a-memset.o)
 .bss           0x00000000        0x0 c:/ostrannastudio/tools/gcc/bin/../lib/gcc/arm-none-eabi/4.8.3/../../../../arm-none-eabi/lib/armv7-m\libg.a(lib_a-memset.o)

Memory Configuration

Name             Origin             Length             Attributes
flash            0x08000000         0x00008000
ram              0x20000000         0x00002800
*default*        0x00000000         0xffffffff

Linker script and memory map

LOAD ./src/application.o
LOAD ./src/main.o
LOAD ./src/radio_lvl1.o
LOAD ./Radio/cc1101.o
LOAD ./Common/os/ports/common/ARMCMx/nvic.o
LOAD ./Common/os/ports/GCC/ARMCMx/STM32L1xx/vectors.o
LOAD ./Common/os/ports/GCC/ARMCMx/chcore.o
LOAD ./Common/os/ports/GCC/ARMCMx/chcore_v7m.o
LOAD ./Common/os/ports/GCC/ARMCMx/crt0.o
LOAD ./Common/os/kernel/src/chcond.o
LOAD ./Common/os/kernel/src/chdebug.o
LOAD ./Common/os/kernel/src/chdynamic.o
LOAD ./Common/os/kernel/src/chevents.o
LOAD ./Common/os/kernel/src/chheap.o
LOAD ./Common/os/kernel/src/chlists.o
LOAD ./Common/os/kernel/src/chmboxes.o
LOAD ./Common/os/kernel/src/chmemcore.o
LOAD ./Common/os/kernel/src/chmempools.o
LOAD ./Common/os/kernel/src/chmsg.o
LOAD ./Common/os/kernel/src/chmtx.o
LOAD ./Common/os/kernel/src/chqueues.o
LOAD ./Common/os/kernel/src/chregistry.o
LOAD ./Common/os/kernel/src/chschd.o
LOAD ./Common/os/kernel/src/chsem.o
LOAD ./Common/os/kernel/src/chsys.o
LOAD ./Common/os/kernel/src/chthreads.o
LOAD ./Common/os/kernel/src/chvt.o
LOAD ./Common/os/hal/src/ext.o
LOAD ./Common/os/hal/src/hal.o
LOAD ./Common/os/hal/src/rtc.o
LOAD ./Common/os/hal/platforms/STM32L1xx/ext_lld_isr.o
LOAD ./Common/os/hal/platforms/STM32L1xx/hal_lld.o
LOAD ./Common/os/hal/platforms/STM32L1xx/stm32_dma.o
LOAD ./Common/kl_lib/clocking_L1xx.o
LOAD ./Common/kl_lib/cmd_uart.o
LOAD ./Common/kl_lib/kl_lib_L15x.o
LOAD ./Common/kl_lib/kl_sprintf.o
LOAD ./Common/eestore.o
LOAD ./Common/peripheral.o
LOAD ./Common/pill_mgr.o
LOAD c:/ostrannastudio/tools/gcc/bin/../lib/gcc/arm-none-eabi/4.8.3/../../../../arm-none-eabi/lib/armv7-m\libstdc++.a
LOAD c:/ostrannastudio/tools/gcc/bin/../lib/gcc/arm-none-eabi/4.8.3/../../../../arm-none-eabi/lib/armv7-m\libm.a
START GROUP
LOAD c:/ostrannastudio/tools/gcc/bin/../lib/gcc/arm-none-eabi/4.8.3/armv7-m\libgcc.a
LOAD c:/ostrannastudio/tools/gcc/bin/../lib/gcc/arm-none-eabi/4.8.3/../../../../arm-none-eabi/lib/armv7-m\libg.a
LOAD c:/ostrannastudio/tools/gcc/bin/../lib/gcc/arm-none-eabi/4.8.3/../../../../arm-none-eabi/lib/armv7-m\libc.a
END GROUP
                0x00000400                __main_stack_size__ = 0x400
                0x00000400                __process_stack_size__ = 0x400
                0x20000000                __ram_start__ = ORIGIN (ram)
                0x00002800                __ram_size__ = 0x2800
                0x20002800                __ram_end__ = (__ram_start__ + __ram_size__)
                0x00000000                . = 0x0
                0x00000000                _text = .

startup         0x08000000       0xf4
 *(vectors)
 vectors        0x08000000       0xf4 ./Common/os/ports/GCC/ARMCMx/STM32L1xx/vectors.o
                0x08000000                _vectors

constructors    0x080000f4        0x0
                0x080000f4                PROVIDE (__init_array_start, .)
 *(SORT(.init_array.*))
 *(.init_array)
                0x080000f4                PROVIDE (__init_array_end, .)

destructors     0x080000f4        0x0
                0x080000f4                PROVIDE (__fini_array_start, .)
 *(.fini_array)
 *(SORT(.fini_array.*))
                0x080000f4                PROVIDE (__fini_array_end, .)

.text           0x08000100     0x30c4
 *(.text.startup.*)
 .text.startup.main
                0x08000100      0x108 ./src/main.o
                0x08000100                main
 *(.text)
 *(.text.*)
 *fill*         0x08000208        0x8 
 .text._Z20TmrPillCheckCallbackPv
                0x08000210       0x3c ./src/application.o
                0x08000210                TmrPillCheckCallback(void*)
 *fill*         0x0800024c        0x4 
 .text._ZN8Beeper_t4BeepEPK11BeepChunk_t
                0x08000250       0x26 ./src/application.o
                0x08000250                Beeper_t::Beep(BeepChunk_t const*)
 *fill*         0x08000276        0xa 
 .text._ZN5App_t12IPillHandlerEv
                0x08000280       0x38 ./src/application.o
                0x08000280                App_t::IPillHandler()
 *fill*         0x080002b8        0x8 
 .text._ZL9AppThreadPv
                0x080002c0       0x44 ./src/application.o
 *fill*         0x08000304        0xc 
 .text._ZN5App_t4InitEv
                0x08000310       0x50 ./src/application.o
                0x08000310                App_t::Init()
 .text._ZN9rLevel1_t5ITaskEv
                0x08000360       0xc0 ./src/radio_lvl1.o
                0x08000360                rLevel1_t::ITask()
 .text._ZL11rLvl1ThreadPv
                0x08000420       0x1c ./src/radio_lvl1.o
 *fill*         0x0800043c        0x4 
 .text._ZN9rLevel1_t4InitEt
                0x08000440       0x98 ./src/radio_lvl1.o
                0x08000440                rLevel1_t::Init(unsigned short)
 *fill*         0x080004d8        0x8 
 .text._ZN8cc1101_t8BusyWaitEv.isra.6
                0x080004e0       0x10 ./Radio/cc1101.o
 .text._ZN5Spi_t13ReadWriteByteEh
                0x080004f0       0x10 ./Radio/cc1101.o
                0x080004f0                Spi_t::ReadWriteByte(unsigned char)
 .text._ZN8cc1101_t8RSSI_dBmEh
                0x08000500       0x18 ./Radio/cc1101.o
                0x08000500                cc1101_t::RSSI_dBm(unsigned char)
 *fill*         0x08000518        0x8 
 .text._ZN8cc1101_t12ReadRegisterEh
                0x08000520       0x2c ./Radio/cc1101.o
                0x08000520                cc1101_t::ReadRegister(unsigned char)
 *fill*         0x0800054c        0x4 
 .text._ZN8cc1101_t8ReadFIFOEP6rPkt_t
                0x08000550       0x68 ./Radio/cc1101.o
                0x08000550                cc1101_t::ReadFIFO(rPkt_t*)
 *fill*         0x080005b8        0x8 
 .text._ZN8cc1101_t13WriteRegisterEhh
                0x080005c0       0x30 ./Radio/cc1101.o
                0x080005c0                cc1101_t::WriteRegister(unsigned char, unsigned char)
 .text._ZN8cc1101_t11WriteStrobeEh
                0x080005f0       0x2c ./Radio/cc1101.o
                0x080005f0                cc1101_t::WriteStrobe(unsigned char)
 *fill*         0x0800061c        0x4 
 .text._ZN8cc1101_t9EnterIdleEv
                0x08000620       0x10 ./Radio/cc1101.o
                0x08000620                cc1101_t::EnterIdle()
 .text._ZN8cc1101_t10SetChannelEh
                0x08000630       0x1e ./Radio/cc1101.o
                0x08000630                cc1101_t::SetChannel(unsigned char)
 *fill*         0x0800064e        0x2 
 .text._ZN8cc1101_t11ReceiveSyncEmP6rPkt_t
                0x08000650       0x64 ./Radio/cc1101.o
                0x08000650                cc1101_t::ReceiveSync(unsigned long, rPkt_t*)
 *fill*         0x080006b4        0xc 
 .text._ZN8cc1101_t8RfConfigEv
                0x080006c0      0x16e ./Radio/cc1101.o
                0x080006c0                cc1101_t::RfConfig()
 *fill*         0x0800082e        0x2 
 .text._ZN8cc1101_t4InitEv
                0x08000830      0x248 ./Radio/cc1101.o
                0x08000830                cc1101_t::Init()
 *fill*         0x08000a78        0x8 
 .text._ZN8cc1101_t12IHandleAsyncEv
                0x08000a80       0x10 ./Radio/cc1101.o
                0x08000a80                cc1101_t::IHandleAsync()
 .text._ZN8cc1101_t15IGdo0IrqHandlerEv
                0x08000a90       0x4c ./Radio/cc1101.o
                0x08000a90                cc1101_t::IGdo0IrqHandler()
 *fill*         0x08000adc        0x4 
 .text.Vector64
                0x08000ae0       0x1c ./Radio/cc1101.o
                0x08000ae0                Vector64
 *fill*         0x08000afc        0x4 
 .text.nvicEnableVector
                0x08000b00       0x46 ./Common/os/ports/common/ARMCMx/nvic.o
                0x08000b00                nvicEnableVector
 *fill*         0x08000b46        0xa 
 .text.nvicSetSystemHandlerPriority
                0x08000b50       0x26 ./Common/os/ports/common/ARMCMx/nvic.o
                0x08000b50                nvicSetSystemHandlerPriority
 *fill*         0x08000b76        0xa 
 .text._unhandled_exception
                0x08000b80        0x2 ./Common/os/ports/GCC/ARMCMx/STM32L1xx/vectors.o
                0x08000b80                Vector58
                0x08000b80                VectorE8
                0x08000b80                Vector9C
                0x08000b80                VectorAC
                0x08000b80                Vector5C
                0x08000b80                NMIVector
                0x08000b80                Vector8C
                0x08000b80                VectorDC
                0x08000b80                VectorC8
                0x08000b80                Vector94
                0x08000b80                VectorA8
                0x08000b80                VectorB4
                0x08000b80                VectorEC
                0x08000b80                UsageFaultVector
                0x08000b80                DebugMonitorVector
                0x08000b80                Vector40
                0x08000b80                VectorBC
                0x08000b80                PendSVVector
                0x08000b80                VectorCC
                0x08000b80                Vector54
                0x08000b80                Vector98
                0x08000b80                VectorD8
                0x08000b80                Vector24
                0x08000b80                BusFaultVector
                0x08000b80                VectorD0
                0x08000b80                VectorE4
                0x08000b80                VectorC0
                0x08000b80                HardFaultVector
                0x08000b80                VectorF0
                0x08000b80                VectorE0
                0x08000b80                MemManageVector
                0x08000b80                VectorA0
                0x08000b80                VectorC4
                0x08000b80                VectorB0
                0x08000b80                Vector90
                0x08000b80                Vector60
                0x08000b80                Vector1C
                0x08000b80                Vector48
                0x08000b80                VectorD4
                0x08000b80                Vector4C
                0x08000b80                Vector68
                0x08000b80                _unhandled_exception
                0x08000b80                Vector88
                0x08000b80                Vector50
                0x08000b80                Vector44
                0x08000b80                Vector28
                0x08000b80                VectorB8
                0x08000b80                Vector34
                0x08000b80                VectorA4
                0x08000b80                Vector20
 *fill*         0x08000b82        0xe 
 .text._port_switch_from_isr
                0x08000b90        0xe ./Common/os/ports/GCC/ARMCMx/chcore_v7m.o
                0x08000b90                _port_switch_from_isr
 *fill*         0x08000b9e        0x2 
 .text.SVCallVector
                0x08000ba0       0x12 ./Common/os/ports/GCC/ARMCMx/chcore_v7m.o
                0x08000ba0                SVCallVector
 *fill*         0x08000bb2        0xe 
 .text._port_init
                0x08000bc0       0x34 ./Common/os/ports/GCC/ARMCMx/chcore_v7m.o
                0x08000bc0                _port_init
 *fill*         0x08000bf4        0xc 
 .text._port_irq_epilogue
                0x08000c00       0x6c ./Common/os/ports/GCC/ARMCMx/chcore_v7m.o
                0x08000c00                _port_irq_epilogue
 *fill*         0x08000c6c        0x4 
 .text.SysTickVector
                0x08000c70       0x2a ./Common/os/ports/GCC/ARMCMx/chcore_v7m.o
                0x08000c70                SysTickVector
 *fill*         0x08000c9a        0x6 
 .text._port_switch
                0x08000ca0       0x10 ./Common/os/ports/GCC/ARMCMx/chcore_v7m.o
                0x08000ca0                _port_switch
 .text._port_thread_start
                0x08000cb0       0x16 ./Common/os/ports/GCC/ARMCMx/chcore_v7m.o
                0x08000cb0                _port_thread_start
 *fill*         0x08000cc6        0xa 
 .text.__early_init
                0x08000cd0        0x2 ./Common/os/ports/GCC/ARMCMx/crt0.o
                0x08000cd0                __early_init
 *fill*         0x08000cd2        0xe 
 .text.__late_init
                0x08000ce0        0x2 ./Common/os/ports/GCC/ARMCMx/crt0.o
                0x08000ce0                __late_init
 *fill*         0x08000ce2        0xe 
 .text._default_exit
                0x08000cf0        0x2 ./Common/os/ports/GCC/ARMCMx/crt0.o
                0x08000cf0                _default_exit
 *fill*         0x08000cf2        0xe 
 .text.ResetHandler
                0x08000d00       0xc0 ./Common/os/ports/GCC/ARMCMx/crt0.o
                0x08000d00                ResetHandler
 .text.dbg_check_enable
                0x08000dc0       0x20 ./Common/os/kernel/src/chdebug.o
                0x08000dc0                dbg_check_enable
 .text.dbg_check_lock
                0x08000de0       0x28 ./Common/os/kernel/src/chdebug.o
                0x08000de0                dbg_check_lock
 *fill*         0x08000e08        0x8 
 .text.dbg_check_unlock
                0x08000e10       0x28 ./Common/os/kernel/src/chdebug.o
                0x08000e10                dbg_check_unlock
 *fill*         0x08000e38        0x8 
 .text.dbg_check_lock_from_isr
                0x08000e40       0x28 ./Common/os/kernel/src/chdebug.o
                0x08000e40                dbg_check_lock_from_isr
 *fill*         0x08000e68        0x8 
 .text.dbg_check_unlock_from_isr
                0x08000e70       0x2c ./Common/os/kernel/src/chdebug.o
                0x08000e70                dbg_check_unlock_from_isr
 *fill*         0x08000e9c        0x4 
 .text.dbg_check_enter_isr
                0x08000ea0       0x38 ./Common/os/kernel/src/chdebug.o
                0x08000ea0                dbg_check_enter_isr
 *fill*         0x08000ed8        0x8 
 .text.dbg_check_leave_isr
                0x08000ee0       0x38 ./Common/os/kernel/src/chdebug.o
                0x08000ee0                dbg_check_leave_isr
 *fill*         0x08000f18        0x8 
 .text.chDbgCheckClassI
                0x08000f20       0x24 ./Common/os/kernel/src/chdebug.o
                0x08000f20                chDbgCheckClassI
 *fill*         0x08000f44        0xc 
 .text.chDbgCheckClassS
                0x08000f50       0x24 ./Common/os/kernel/src/chdebug.o
                0x08000f50                chDbgCheckClassS
 *fill*         0x08000f74        0xc 
 .text._trace_init
                0x08000f80       0x14 ./Common/os/kernel/src/chdebug.o
                0x08000f80                _trace_init
 *fill*         0x08000f94        0xc 
 .text.dbg_trace
                0x08000fa0       0x40 ./Common/os/kernel/src/chdebug.o
                0x08000fa0                dbg_trace
 .text.chEvtSignalI
                0x08000fe0       0x48 ./Common/os/kernel/src/chevents.o
                0x08000fe0                chEvtSignalI
 *fill*         0x08001028        0x8 
 .text.chEvtWaitAny
                0x08001030       0x40 ./Common/os/kernel/src/chevents.o
                0x08001030                chEvtWaitAny
 .text._scheduler_init
                0x08001070       0x14 ./Common/os/kernel/src/chschd.o
                0x08001070                _scheduler_init
 *fill*         0x08001084        0xc 
 .text.chSchReadyI
                0x08001090       0x40 ./Common/os/kernel/src/chschd.o
                0x08001090                chSchReadyI
 .text.wakeup   0x080010d0       0x4c ./Common/os/kernel/src/chschd.o
 *fill*         0x0800111c        0x4 
 .text.chSchGoSleepS
                0x08001120       0x50 ./Common/os/kernel/src/chschd.o
                0x08001120                chSchGoSleepS
 .text.chSchGoSleepTimeoutS
                0x08001170       0x48 ./Common/os/kernel/src/chschd.o
                0x08001170                chSchGoSleepTimeoutS
 *fill*         0x080011b8        0x8 
 .text.chSchWakeupS
                0x080011c0       0x58 ./Common/os/kernel/src/chschd.o
                0x080011c0                chSchWakeupS
 *fill*         0x08001218        0x8 
 .text.chSchDoRescheduleBehind
                0x08001220       0x4c ./Common/os/kernel/src/chschd.o
                0x08001220                chSchDoRescheduleBehind
 *fill*         0x0800126c        0x4 
 .text.chSchDoRescheduleAhead
                0x08001270       0x5c ./Common/os/kernel/src/chschd.o
                0x08001270                chSchDoRescheduleAhead
 *fill*         0x080012cc        0x4 
 .text.chSchDoReschedule
                0x080012d0       0x18 ./Common/os/kernel/src/chschd.o
                0x080012d0                chSchDoReschedule
 *fill*         0x080012e8        0x8 
 .text.chSemInit
                0x080012f0       0x20 ./Common/os/kernel/src/chsem.o
                0x080012f0                chSemInit
 .text.chSemWaitS
                0x08001310       0x60 ./Common/os/kernel/src/chsem.o
                0x08001310                chSemWaitS
 .text.chSemWait
                0x08001370       0x24 ./Common/os/kernel/src/chsem.o
                0x08001370                chSemWait
 *fill*         0x08001394        0xc 
 .text.chSemSignal
                0x080013a0       0x5c ./Common/os/kernel/src/chsem.o
                0x080013a0                chSemSignal
 *fill*         0x080013fc        0x4 
 .text._idle_thread
                0x08001400       0x14 ./Common/os/kernel/src/chsys.o
                0x08001400                _idle_thread
 *fill*         0x08001414        0xc 
 .text.chSysInit
                0x08001420       0x6c ./Common/os/kernel/src/chsys.o
                0x08001420                chSysInit
 *fill*         0x0800148c        0x4 
 .text.chSysTimerHandlerI
                0x08001490       0x68 ./Common/os/kernel/src/chsys.o
                0x08001490                chSysTimerHandlerI
 *fill*         0x080014f8        0x8 
 .text._thread_init
                0x08001500       0x38 ./Common/os/kernel/src/chthreads.o
                0x08001500                _thread_init
 *fill*         0x08001538        0x8 
 .text.chThdCreateI
                0x08001540       0x4c ./Common/os/kernel/src/chthreads.o
                0x08001540                chThdCreateI
 *fill*         0x0800158c        0x4 
 .text.chThdCreateStatic
                0x08001590       0x5e ./Common/os/kernel/src/chthreads.o
                0x08001590                chThdCreateStatic
 *fill*         0x080015ee        0x2 
 .text.chThdSleep
                0x080015f0       0x30 ./Common/os/kernel/src/chthreads.o
                0x080015f0                chThdSleep
 .text.chThdExitS
                0x08001620       0x48 ./Common/os/kernel/src/chthreads.o
                0x08001620                chThdExitS
 *fill*         0x08001668        0x8 
 .text.chThdExit
                0x08001670       0x18 ./Common/os/kernel/src/chthreads.o
                0x08001670                chThdExit
 *fill*         0x08001688        0x8 
 .text._vt_init
                0x08001690       0x18 ./Common/os/kernel/src/chvt.o
                0x08001690                _vt_init
 *fill*         0x080016a8        0x8 
 .text.chVTSetI
                0x080016b0       0x50 ./Common/os/kernel/src/chvt.o
                0x080016b0                chVTSetI
 .text.chVTResetI
                0x08001700       0x44 ./Common/os/kernel/src/chvt.o
                0x08001700                chVTResetI
 *fill*         0x08001744        0xc 
 .text.halInit  0x08001750        0x4 ./Common/os/hal/src/hal.o
                0x08001750                halInit
 *fill*         0x08001754        0xc 
 .text.hal_lld_init
                0x08001760       0x64 ./Common/os/hal/platforms/STM32L1xx/hal_lld.o
                0x08001760                hal_lld_init
 *fill*         0x080017c4        0xc 
 .text.Vector6C
                0x080017d0       0x30 ./Common/os/hal/platforms/STM32L1xx/stm32_dma.o
                0x080017d0                Vector6C
 .text.Vector70
                0x08001800       0x30 ./Common/os/hal/platforms/STM32L1xx/stm32_dma.o
                0x08001800                Vector70
 .text.Vector74
                0x08001830       0x34 ./Common/os/hal/platforms/STM32L1xx/stm32_dma.o
                0x08001830                Vector74
 *fill*         0x08001864        0xc 
 .text.Vector78
                0x08001870       0x34 ./Common/os/hal/platforms/STM32L1xx/stm32_dma.o
                0x08001870                Vector78
 *fill*         0x080018a4        0xc 
 .text.Vector7C
                0x080018b0       0x34 ./Common/os/hal/platforms/STM32L1xx/stm32_dma.o
                0x080018b0                Vector7C
 *fill*         0x080018e4        0xc 
 .text.Vector80
                0x080018f0       0x34 ./Common/os/hal/platforms/STM32L1xx/stm32_dma.o
                0x080018f0                Vector80
 *fill*         0x08001924        0xc 
 .text.Vector84
                0x08001930       0x34 ./Common/os/hal/platforms/STM32L1xx/stm32_dma.o
                0x08001930                Vector84
 *fill*         0x08001964        0xc 
 .text.dmaInit  0x08001970       0x38 ./Common/os/hal/platforms/STM32L1xx/stm32_dma.o
                0x08001970                dmaInit
 *fill*         0x080019a8        0x8 
 .text.dmaStreamAllocate
                0x080019b0       0x88 ./Common/os/hal/platforms/STM32L1xx/stm32_dma.o
                0x080019b0                dmaStreamAllocate
 *fill*         0x08001a38        0x8 
 .text._ZN5Clk_t16UpdateFreqValuesEv
                0x08001a40      0x114 ./Common/kl_lib/clocking_L1xx.o
                0x08001a40                Clk_t::UpdateFreqValues()
 *fill*         0x08001b54        0xc 
 .text._Z10SetupVCore7VCore_t
                0x08001b60       0x34 ./Common/kl_lib/clocking_L1xx.o
                0x08001b60                SetupVCore(VCore_t)
 *fill*         0x08001b94        0xc 
 .text._ZN9CmdUart_t8IPutCharEc
                0x08001ba0       0x1e ./Common/kl_lib/cmd_uart.o
                0x08001ba0                CmdUart_t::IPutChar(char)
 *fill*         0x08001bbe        0x2 
 .text._ZL8FPutCharc
                0x08001bc0        0xc ./Common/kl_lib/cmd_uart.o
 *fill*         0x08001bcc        0x4 
 .text._ZN9CmdUart_t6PrintfEPKcz
                0x08001bd0       0x74 ./Common/kl_lib/cmd_uart.o
                0x08001bd0                CmdUart_t::Printf(char const*, ...)
 *fill*         0x08001c44        0xc 
 .text._ZN9CmdUart_t4InitEm
                0x08001c50       0xd4 ./Common/kl_lib/cmd_uart.o
                0x08001c50                CmdUart_t::Init(unsigned long)
 *fill*         0x08001d24        0xc 
 .text._ZN9CmdUart_t15IRQDmaTxHandlerEv
                0x08001d30       0x6c ./Common/kl_lib/cmd_uart.o
                0x08001d30                CmdUart_t::IRQDmaTxHandler()
 *fill*         0x08001d9c        0x4 
 .text.CmdUartTxIrq
                0x08001da0        0xc ./Common/kl_lib/cmd_uart.o
                0x08001da0                CmdUartTxIrq
 *fill*         0x08001dac        0x4 
 .text._Z16i2cDmaIrqHandlerPvm
                0x08001db0       0x26 ./Common/kl_lib/kl_lib_L15x.o
                0x08001db0                i2cDmaIrqHandler(void*, unsigned long)
 *fill*         0x08001dd6        0xa 
 .text._ZL14PinClockEnableP12GPIO_TypeDef
                0x08001de0       0x5c ./Common/kl_lib/kl_lib_L15x.o
 *fill*         0x08001e3c        0x4 
 .text._ZL17PinSetupAlterFuncP12GPIO_TypeDeft12PinOutMode_t15PinPullUpDown_t7PinAF_t10PinSpeed_t.constprop.11
                0x08001e40       0x90 ./Common/kl_lib/kl_lib_L15x.o
 .text._ZN8PwmPin_t4InitEP12GPIO_TypeDeftP11TIM_TypeDefhtb
                0x08001ed0      0x168 ./Common/kl_lib/kl_lib_L15x.o
                0x08001ed0                PwmPin_t::Init(GPIO_TypeDef*, unsigned short, TIM_TypeDef*, unsigned char, unsigned short, bool)
 *fill*         0x08002038        0x8 
 .text._ZN8PwmPin_t9SetFreqHzEm
                0x08002040       0x1a ./Common/kl_lib/kl_lib_L15x.o
                0x08002040                PwmPin_t::SetFreqHz(unsigned long)
 *fill*         0x0800205a        0x6 
 .text.chDbgPanic
                0x08002060       0x1c ./Common/kl_lib/kl_lib_L15x.o
                0x08002060                chDbgPanic
 *fill*         0x0800207c        0x4 
 .text._ZN5i2c_t7StandbyEv
                0x08002080       0x7c ./Common/kl_lib/kl_lib_L15x.o
                0x08002080                i2c_t::Standby()
 *fill*         0x080020fc        0x4 
 .text._ZN5i2c_t6ResumeEv
                0x08002100       0xd8 ./Common/kl_lib/kl_lib_L15x.o
                0x08002100                i2c_t::Resume()
 *fill*         0x080021d8        0x8 
 .text._ZN5i2c_t4InitEP11I2C_TypeDefP12GPIO_TypeDefttmPK18stm32_dma_stream_tS6_
                0x080021e0       0x5c ./Common/kl_lib/kl_lib_L15x.o
                0x080021e0                i2c_t::Init(I2C_TypeDef*, GPIO_TypeDef*, unsigned short, unsigned short, unsigned long, stm32_dma_stream_t const*, stm32_dma_stream_t const*)
 *fill*         0x0800223c        0x4 
 .text._ZN5i2c_t9IBusyWaitEv
                0x08002240       0x2a ./Common/kl_lib/kl_lib_L15x.o
                0x08002240                i2c_t::IBusyWait()
 *fill*         0x0800226a        0x6 
 .text._ZN5i2c_t7WaitEv5Ev
                0x08002270       0x24 ./Common/kl_lib/kl_lib_L15x.o
                0x08002270                i2c_t::WaitEv5()
 *fill*         0x08002294        0xc 
 .text._ZN5i2c_t7WaitEv6Ev
                0x080022a0       0x1e ./Common/kl_lib/kl_lib_L15x.o
                0x080022a0                i2c_t::WaitEv6()
 *fill*         0x080022be        0x2 
 .text._ZN5i2c_t7WaitEv8Ev
                0x080022c0       0x1a ./Common/kl_lib/kl_lib_L15x.o
                0x080022c0                i2c_t::WaitEv8()
 *fill*         0x080022da        0x6 
 .text._ZN5i2c_t7WaitBTFEv
                0x080022e0       0x18 ./Common/kl_lib/kl_lib_L15x.o
                0x080022e0                i2c_t::WaitBTF()
 *fill*         0x080022f8        0x8 
 .text._ZN5i2c_t12CmdWriteReadEhPhhS0_h
                0x08002300      0x198 ./Common/kl_lib/kl_lib_L15x.o
                0x08002300                i2c_t::CmdWriteRead(unsigned char, unsigned char*, unsigned char, unsigned char*, unsigned char)
 *fill*         0x08002498        0x8 
 .text._ZN5i2c_t13CmdWriteWriteEhPhhS0_h
                0x080024a0      0x144 ./Common/kl_lib/kl_lib_L15x.o
                0x080024a0                i2c_t::CmdWriteWrite(unsigned char, unsigned char*, unsigned char, unsigned char*, unsigned char)
 *fill*         0x080025e4        0xc 
 .text.IPutUint.4105
                0x080025f0       0x72 ./Common/kl_lib/kl_sprintf.o
 *fill*         0x08002662        0xe 
 .text.kl_vsprintf
                0x08002670      0x160 ./Common/kl_lib/kl_sprintf.o
                0x08002670                kl_vsprintf
 .text._ZN8Beeper_t4InitEv
                0x080027d0       0x24 ./Common/peripheral.o
                0x080027d0                Beeper_t::Init()
 *fill*         0x080027f4        0xc 
 .text._ZN8Beeper_t5BeepIEPK11BeepChunk_t
                0x08002800       0x4c ./Common/peripheral.o
                0x08002800                Beeper_t::BeepI(BeepChunk_t const*)
 *fill*         0x0800284c        0x4 
 .text._Z17BeeperTmrCallbackPv
                0x08002850       0x28 ./Common/peripheral.o
                0x08002850                BeeperTmrCallback(void*)
 *fill*         0x08002878        0x8 
 .text._ZN8LedRGB_t4InitEv
                0x08002880      0x144 ./Common/peripheral.o
                0x08002880                LedRGB_t::Init()
 *fill*         0x080029c4        0xc 
 .text._ZN7Vibro_t4InitEv
                0x080029d0       0x54 ./Common/peripheral.o
                0x080029d0                Vibro_t::Init()
 *fill*         0x08002a24        0xc 
 .text._ZN7Vibro_t8IFlinchIEPK12VibroChunk_t
                0x08002a30       0x50 ./Common/peripheral.o
                0x08002a30                Vibro_t::IFlinchI(VibroChunk_t const*)
 .text._Z16VibroTmrCallbackPv
                0x08002a80       0x28 ./Common/peripheral.o
                0x08002a80                VibroTmrCallback(void*)
 *fill*         0x08002aa8        0x8 
 .text._ZN9PillMgr_t6DeinitEv
                0x08002ab0       0x40 ./Common/pill_mgr.o
                0x08002ab0                PillMgr_t::Deinit()
 .text._ZN9PillMgr_t4InitEv
                0x08002af0       0xa4 ./Common/pill_mgr.o
                0x08002af0                PillMgr_t::Init()
 *fill*         0x08002b94        0xc 
 .text._ZN9PillMgr_t8ResetBusEv
                0x08002ba0       0x70 ./Common/pill_mgr.o
                0x08002ba0                PillMgr_t::ResetBus()
 .text._ZN9PillMgr_t16CheckIfConnectedEh
                0x08002c10       0x34 ./Common/pill_mgr.o
                0x08002c10                PillMgr_t::CheckIfConnected(unsigned char)
 *fill*         0x08002c44        0xc 
 .text._ZN9PillMgr_t4ReadEhPhm
                0x08002c50       0x42 ./Common/pill_mgr.o
                0x08002c50                PillMgr_t::Read(unsigned char, unsigned char*, unsigned long)
 *fill*         0x08002c92        0xe 
 .text.memset   0x08002ca0       0x94 c:/ostrannastudio/tools/gcc/bin/../lib/gcc/arm-none-eabi/4.8.3/../../../../arm-none-eabi/lib/armv7-m\libg.a(lib_a-memset.o)
                0x08002ca0                memset
 *(.rodata)
 *fill*         0x08002d34        0xc 
 .rodata        0x08002d40       0x21 ./Common/kl_lib/clocking_L1xx.o
 *(.rodata.*)
 *fill*         0x08002d61        0xf 
 .rodata._ZL11BeepPillBad
                0x08002d70       0x18 ./src/application.o
 *fill*         0x08002d88        0x8 
 .rodata.str1.1
                0x08002d90        0xd ./src/application.o
 *fill*         0x08002d9d        0x3 
 .rodata._ZL6BrrBrr
                0x08002da0        0xc ./src/main.o
 *fill*         0x08002dac        0x4 
 .rodata._ZL8BeepBeep
                0x08002db0       0x18 ./src/main.o
 *fill*         0x08002dc8        0x8 
 .rodata.str1.1
                0x08002dd0       0x26 ./src/main.o
 *fill*         0x08002df6        0xa 
 .rodata.str1.1
                0x08002e00        0xa ./src/radio_lvl1.o
 *fill*         0x08002e0a        0x6 
 .rodata.str1.1
                0x08002e10       0x39 ./Common/os/kernel/src/chdebug.o
 *fill*         0x08002e49        0x7 
 .rodata.str1.1
                0x08002e50       0x89 ./Common/os/kernel/src/chevents.o
 *fill*         0x08002ed9        0x7 
 .rodata.ch_debug
                0x08002ee0       0x16 ./Common/os/kernel/src/chregistry.o
                0x08002ee0                ch_debug
 *fill*         0x08002ef6        0xa 
 .rodata.str1.1
                0x08002f00       0x21 ./Common/os/kernel/src/chschd.o
 *fill*         0x08002f21        0xf 
 .rodata.str1.1
                0x08002f30      0x130 ./Common/os/kernel/src/chsem.o
 .rodata.str1.1
                0x08003060        0x5 ./Common/os/kernel/src/chsys.o
 *fill*         0x08003065        0xb 
 .rodata.str1.1
                0x08003070       0x76 ./Common/os/kernel/src/chthreads.o
 *fill*         0x080030e6        0xa 
 .rodata.str1.1
                0x080030f0       0x2d ./Common/os/kernel/src/chvt.o
 *fill*         0x0800311d        0x3 
 .rodata.str1.1
                0x08003120       0x42 ./Common/os/hal/platforms/STM32L1xx/stm32_dma.o
 *fill*         0x08003162        0xe 
 .rodata._stm32_dma_streams
                0x08003170       0x54 ./Common/os/hal/platforms/STM32L1xx/stm32_dma.o
                0x08003170                _stm32_dma_streams
 *(.glue_7t)
 .glue_7t       0x00000000        0x0 linker stubs
 *(.glue_7)
 .glue_7        0x00000000        0x0 linker stubs
 *(.gcc*)

.vfp11_veneer   0x080031c4        0x0
 .vfp11_veneer  0x00000000        0x0 linker stubs

.v4_bx          0x080031c4        0x0
 .v4_bx         0x00000000        0x0 linker stubs

.iplt           0x080031c4        0x0
 .iplt          0x00000000        0x0 ./src/application.o

.rel.dyn        0x080031c4        0x0
 .rel.iplt      0x00000000        0x0 ./src/application.o

.ARM.extab
 *(.ARM.extab* .gnu.linkonce.armextab.*)

.ARM.exidx      0x080031c4        0x0
                0x080031c4                PROVIDE (__exidx_start, .)
 *(.ARM.exidx* .gnu.linkonce.armexidx.*)
                0x080031c4                PROVIDE (__exidx_end, .)

.eh_frame_hdr
 *(.eh_frame_hdr)

.eh_frame
 *(.eh_frame)

.textalign      0x080031c4        0x4
                0x080031c8                . = ALIGN (0x8)
 *fill*         0x080031c4        0x4 
                0x080031c8                _etext = .
                0x080031c8                _textdata = _etext

.stacks         0x20000000      0x800
                0x20000000                . = ALIGN (0x8)
                0x20000000                __main_stack_base__ = .
                0x20000400                . = (. + __main_stack_size__)
 *fill*         0x20000000      0x400 
                0x20000400                . = ALIGN (0x8)
                0x20000400                __main_stack_end__ = .
                0x20000400                __process_stack_base__ = .
                0x20000400                __main_thread_stack_base__ = .
                0x20000800                . = (. + __process_stack_size__)
 *fill*         0x20000400      0x400 
                0x20000800                . = ALIGN (0x8)
                0x20000800                __process_stack_end__ = .
                0x20000800                __main_thread_stack_end__ = .

.data           0x20000800        0x0 load address 0x080031c8
                0x20000800                . = ALIGN (0x4)
                0x20000800                PROVIDE (_data, .)
 *(.data)
                0x20000800                . = ALIGN (0x4)
 *(.data.*)
                0x20000800                . = ALIGN (0x4)
 *(.ramtext)
                0x20000800                . = ALIGN (0x4)
                0x20000800                PROVIDE (_edata, .)

.igot.plt       0x20000800        0x0 load address 0x080031c8
 .igot.plt      0x00000000        0x0 ./src/application.o

.bss            0x20000800      0xb80 load address 0x080031c8
                0x20000800                . = ALIGN (0x4)
                0x20000800                PROVIDE (_bss_start, .)
 *(.bss)
                0x20000800                . = ALIGN (0x4)
 *(.bss.*)
 .bss._ZL4Pill  0x20000800        0x8 ./src/application.o
 .bss._ZL13ITmrPillCheck
                0x20000808       0x14 ./src/application.o
 *fill*         0x2000081c        0x4 
 .bss._ZL11waAppThread
                0x20000820      0x198 ./src/application.o
 .bss.App       0x200009b8        0x4 ./src/application.o
                0x200009b8                App
 .bss.Radio     0x200009bc       0x1c ./src/radio_lvl1.o
                0x200009bc                Radio
 .bss._ZL13warLvl1Thread
                0x200009d8      0x198 ./src/radio_lvl1.o
 .bss.CC        0x20000b70       0x1c ./Radio/cc1101.o
                0x20000b70                CC
 .bss.mainthread.4585
                0x20000b8c       0x34 ./Common/os/kernel/src/chsys.o
 .bss.dma_isr_redir
                0x20000bc0       0x38 ./Common/os/hal/platforms/STM32L1xx/stm32_dma.o
 .bss.dma_streams_mask
                0x20000bf8        0x4 ./Common/os/hal/platforms/STM32L1xx/stm32_dma.o
 .bss.VCore     0x20000bfc        0x1 ./Common/kl_lib/clocking_L1xx.o
                0x20000bfc                VCore
 *fill*         0x20000bfd        0x3 
 .bss.Clk       0x20000c00        0xc ./Common/kl_lib/clocking_L1xx.o
                0x20000c00                Clk
 .bss.Uart      0x20000c0c      0x20c ./Common/kl_lib/cmd_uart.o
                0x20000c0c                Uart
 .bss.Vibro     0x20000e18       0x18 ./Common/peripheral.o
                0x20000e18                Vibro
 .bss.Beeper    0x20000e30       0x24 ./Common/peripheral.o
                0x20000e30                Beeper
 .bss.Led       0x20000e54       0x18 ./Common/peripheral.o
                0x20000e54                Led
 .bss.PillMgr   0x20000e6c       0x2c ./Common/pill_mgr.o
                0x20000e6c                PillMgr
                0x20000e98                . = ALIGN (0x4)
 *(COMMON)
 COMMON         0x20000e98      0x414 ./Common/os/kernel/src/chdebug.o
                0x20000e98                dbg_trace_buffer
                0x200012a0                dbg_panic_msg
                0x200012a4                dbg_isr_cnt
                0x200012a8                dbg_lock_cnt
 COMMON         0x200012ac       0x1c ./Common/os/kernel/src/chschd.o
                0x200012ac                rlist
 COMMON         0x200012c8       0xa8 ./Common/os/kernel/src/chsys.o
                0x200012c8                _idle_thread_wa
 COMMON         0x20001370       0x10 ./Common/os/kernel/src/chvt.o
                0x20001370                vtlist
                0x20001380                . = ALIGN (0x4)
                0x20001380                PROVIDE (_bss_end, .)
                0x20001380                PROVIDE (end, .)
                0x20001380                _end = .
                0x20001380                __heap_base__ = _end
                0x20002800                __heap_end__ = __ram_end__
OUTPUT(ChArmletBasic.elf elf32-littlearm)

.debug_info     0x00000000    0x170c5
 .debug_info    0x00000000     0x2c10 ./src/application.o
 .debug_info    0x00002c10     0x2683 ./src/main.o
 .debug_info    0x00005293     0x1a00 ./src/radio_lvl1.o
 .debug_info    0x00006c93     0x29f9 ./Radio/cc1101.o
 .debug_info    0x0000968c      0x3fb ./Common/os/ports/common/ARMCMx/nvic.o
 .debug_info    0x00009a87      0x1c1 ./Common/os/ports/GCC/ARMCMx/STM32L1xx/vectors.o
 .debug_info    0x00009c48      0x7d2 ./Common/os/ports/GCC/ARMCMx/chcore_v7m.o
 .debug_info    0x0000a41a      0x2a5 ./Common/os/ports/GCC/ARMCMx/crt0.o
 .debug_info    0x0000a6bf      0x797 ./Common/os/kernel/src/chdebug.o
 .debug_info    0x0000ae56      0xc21 ./Common/os/kernel/src/chevents.o
 .debug_info    0x0000ba77      0x5a0 ./Common/os/kernel/src/chregistry.o
 .debug_info    0x0000c017      0xa5f ./Common/os/kernel/src/chschd.o
 .debug_info    0x0000ca76      0xc5e ./Common/os/kernel/src/chsem.o
 .debug_info    0x0000d6d4      0x7b9 ./Common/os/kernel/src/chsys.o
 .debug_info    0x0000de8d      0xce6 ./Common/os/kernel/src/chthreads.o
 .debug_info    0x0000eb73      0x2ba ./Common/os/kernel/src/chvt.o
 .debug_info    0x0000ee2d       0xc4 ./Common/os/hal/src/hal.o
 .debug_info    0x0000eef1      0x598 ./Common/os/hal/platforms/STM32L1xx/hal_lld.o
 .debug_info    0x0000f489      0x788 ./Common/os/hal/platforms/STM32L1xx/stm32_dma.o
 .debug_info    0x0000fc11      0xb70 ./Common/kl_lib/clocking_L1xx.o
 .debug_info    0x00010781      0xf4e ./Common/kl_lib/cmd_uart.o
 .debug_info    0x000116cf     0x2bdf ./Common/kl_lib/kl_lib_L15x.o
 .debug_info    0x000142ae      0x33d ./Common/kl_lib/kl_sprintf.o
 .debug_info    0x000145eb     0x1652 ./Common/peripheral.o
 .debug_info    0x00015c3d     0x1488 ./Common/pill_mgr.o

.debug_abbrev   0x00000000     0x4683
 .debug_abbrev  0x00000000      0x625 ./src/application.o
 .debug_abbrev  0x00000625      0x49b ./src/main.o
 .debug_abbrev  0x00000ac0      0x48e ./src/radio_lvl1.o
 .debug_abbrev  0x00000f4e      0x55d ./Radio/cc1101.o
 .debug_abbrev  0x000014ab      0x10e ./Common/os/ports/common/ARMCMx/nvic.o
 .debug_abbrev  0x000015b9       0xaf ./Common/os/ports/GCC/ARMCMx/STM32L1xx/vectors.o
 .debug_abbrev  0x00001668      0x1d9 ./Common/os/ports/GCC/ARMCMx/chcore_v7m.o
 .debug_abbrev  0x00001841       0xf2 ./Common/os/ports/GCC/ARMCMx/crt0.o
 .debug_abbrev  0x00001933      0x1ba ./Common/os/kernel/src/chdebug.o
 .debug_abbrev  0x00001aed      0x2c8 ./Common/os/kernel/src/chevents.o
 .debug_abbrev  0x00001db5      0x174 ./Common/os/kernel/src/chregistry.o
 .debug_abbrev  0x00001f29      0x31b ./Common/os/kernel/src/chschd.o
 .debug_abbrev  0x00002244      0x2f0 ./Common/os/kernel/src/chsem.o
 .debug_abbrev  0x00002534      0x1f2 ./Common/os/kernel/src/chsys.o
 .debug_abbrev  0x00002726      0x344 ./Common/os/kernel/src/chthreads.o
 .debug_abbrev  0x00002a6a      0x18b ./Common/os/kernel/src/chvt.o
 .debug_abbrev  0x00002bf5       0x88 ./Common/os/hal/src/hal.o
 .debug_abbrev  0x00002c7d      0x183 ./Common/os/hal/platforms/STM32L1xx/hal_lld.o
 .debug_abbrev  0x00002e00      0x241 ./Common/os/hal/platforms/STM32L1xx/stm32_dma.o
 .debug_abbrev  0x00003041      0x26c ./Common/kl_lib/clocking_L1xx.o
 .debug_abbrev  0x000032ad      0x3ee ./Common/kl_lib/cmd_uart.o
 .debug_abbrev  0x0000369b      0x666 ./Common/kl_lib/kl_lib_L15x.o
 .debug_abbrev  0x00003d01      0x157 ./Common/kl_lib/kl_sprintf.o
 .debug_abbrev  0x00003e58      0x426 ./Common/peripheral.o
 .debug_abbrev  0x0000427e      0x405 ./Common/pill_mgr.o

.debug_loc      0x00000000     0x5010
 .debug_loc     0x00000000      0x6c8 ./src/application.o
 .debug_loc     0x000006c8      0x110 ./src/radio_lvl1.o
 .debug_loc     0x000007d8      0xb56 ./Radio/cc1101.o
 .debug_loc     0x0000132e      0x16a ./Common/os/ports/common/ARMCMx/nvic.o
 .debug_loc     0x00001498       0x4d ./Common/os/ports/GCC/ARMCMx/chcore_v7m.o
 .debug_loc     0x000014e5      0x14b ./Common/os/ports/GCC/ARMCMx/crt0.o
 .debug_loc     0x00001630      0x4de ./Common/os/kernel/src/chevents.o
 .debug_loc     0x00001b0e       0x68 ./Common/os/kernel/src/chregistry.o
 .debug_loc     0x00001b76      0x297 ./Common/os/kernel/src/chschd.o
 .debug_loc     0x00001e0d      0x595 ./Common/os/kernel/src/chsem.o
 .debug_loc     0x000023a2       0x26 ./Common/os/kernel/src/chsys.o
 .debug_loc     0x000023c8      0x50a ./Common/os/kernel/src/chthreads.o
 .debug_loc     0x000028d2      0x142 ./Common/os/kernel/src/chvt.o
 .debug_loc     0x00002a14      0x174 ./Common/os/hal/platforms/STM32L1xx/stm32_dma.o
 .debug_loc     0x00002b88      0x5c5 ./Common/kl_lib/clocking_L1xx.o
 .debug_loc     0x0000314d      0x157 ./Common/kl_lib/cmd_uart.o
 .debug_loc     0x000032a4     0x11e7 ./Common/kl_lib/kl_lib_L15x.o
 .debug_loc     0x0000448b      0x322 ./Common/kl_lib/kl_sprintf.o
 .debug_loc     0x000047ad      0x5fd ./Common/peripheral.o
 .debug_loc     0x00004daa      0x266 ./Common/pill_mgr.o

.debug_aranges  0x00000000      0x8b0
 .debug_aranges
                0x00000000       0x80 ./src/application.o
 .debug_aranges
                0x00000080       0x28 ./src/main.o
 .debug_aranges
                0x000000a8       0x38 ./src/radio_lvl1.o
 .debug_aranges
                0x000000e0       0xc0 ./Radio/cc1101.o
 .debug_aranges
                0x000001a0       0x30 ./Common/os/ports/common/ARMCMx/nvic.o
 .debug_aranges
                0x000001d0       0x20 ./Common/os/ports/GCC/ARMCMx/STM32L1xx/vectors.o
 .debug_aranges
                0x000001f0       0x50 ./Common/os/ports/GCC/ARMCMx/chcore_v7m.o
 .debug_aranges
                0x00000240       0x38 ./Common/os/ports/GCC/ARMCMx/crt0.o
 .debug_aranges
                0x00000278       0x80 ./Common/os/kernel/src/chdebug.o
 .debug_aranges
                0x000002f8       0x88 ./Common/os/kernel/src/chevents.o
 .debug_aranges
                0x00000380       0x28 ./Common/os/kernel/src/chregistry.o
 .debug_aranges
                0x000003a8       0x68 ./Common/os/kernel/src/chschd.o
 .debug_aranges
                0x00000410       0x70 ./Common/os/kernel/src/chsem.o
 .debug_aranges
                0x00000480       0x30 ./Common/os/kernel/src/chsys.o
 .debug_aranges
                0x000004b0       0x80 ./Common/os/kernel/src/chthreads.o
 .debug_aranges
                0x00000530       0x38 ./Common/os/kernel/src/chvt.o
 .debug_aranges
                0x00000568       0x20 ./Common/os/hal/src/hal.o
 .debug_aranges
                0x00000588       0x20 ./Common/os/hal/platforms/STM32L1xx/hal_lld.o
 .debug_aranges
                0x000005a8       0x68 ./Common/os/hal/platforms/STM32L1xx/stm32_dma.o
 .debug_aranges
                0x00000610       0x80 ./Common/kl_lib/clocking_L1xx.o
 .debug_aranges
                0x00000690       0x50 ./Common/kl_lib/cmd_uart.o
 .debug_aranges
                0x000006e0       0xe0 ./Common/kl_lib/kl_lib_L15x.o
 .debug_aranges
                0x000007c0       0x28 ./Common/kl_lib/kl_sprintf.o
 .debug_aranges
                0x000007e8       0x78 ./Common/peripheral.o
 .debug_aranges
                0x00000860       0x50 ./Common/pill_mgr.o

.debug_ranges   0x00000000     0x10a8
 .debug_ranges  0x00000000       0xf8 ./src/application.o
 .debug_ranges  0x000000f8       0x90 ./src/main.o
 .debug_ranges  0x00000188       0x90 ./src/radio_lvl1.o
 .debug_ranges  0x00000218      0x300 ./Radio/cc1101.o
 .debug_ranges  0x00000518       0x20 ./Common/os/ports/common/ARMCMx/nvic.o
 .debug_ranges  0x00000538       0x10 ./Common/os/ports/GCC/ARMCMx/STM32L1xx/vectors.o
 .debug_ranges  0x00000548       0x40 ./Common/os/ports/GCC/ARMCMx/chcore_v7m.o
 .debug_ranges  0x00000588       0x28 ./Common/os/ports/GCC/ARMCMx/crt0.o
 .debug_ranges  0x000005b0       0x70 ./Common/os/kernel/src/chdebug.o
 .debug_ranges  0x00000620       0xa8 ./Common/os/kernel/src/chevents.o
 .debug_ranges  0x000006c8       0x30 ./Common/os/kernel/src/chregistry.o
 .debug_ranges  0x000006f8      0x128 ./Common/os/kernel/src/chschd.o
 .debug_ranges  0x00000820       0xa8 ./Common/os/kernel/src/chsem.o
 .debug_ranges  0x000008c8       0x20 ./Common/os/kernel/src/chsys.o
 .debug_ranges  0x000008e8       0xe8 ./Common/os/kernel/src/chthreads.o
 .debug_ranges  0x000009d0       0x28 ./Common/os/kernel/src/chvt.o
 .debug_ranges  0x000009f8       0x10 ./Common/os/hal/src/hal.o
 .debug_ranges  0x00000a08       0x10 ./Common/os/hal/platforms/STM32L1xx/hal_lld.o
 .debug_ranges  0x00000a18       0x58 ./Common/os/hal/platforms/STM32L1xx/stm32_dma.o
 .debug_ranges  0x00000a70      0x100 ./Common/kl_lib/clocking_L1xx.o
 .debug_ranges  0x00000b70       0xb0 ./Common/kl_lib/cmd_uart.o
 .debug_ranges  0x00000c20      0x248 ./Common/kl_lib/kl_lib_L15x.o
 .debug_ranges  0x00000e68       0x30 ./Common/kl_lib/kl_sprintf.o
 .debug_ranges  0x00000e98      0x120 ./Common/peripheral.o
 .debug_ranges  0x00000fb8       0xf0 ./Common/pill_mgr.o

.debug_line     0x00000000     0x4610
 .debug_line    0x00000000      0x45e ./src/application.o
 .debug_line    0x0000045e      0x32e ./src/main.o
 .debug_line    0x0000078c      0x31c ./src/radio_lvl1.o
 .debug_line    0x00000aa8      0x633 ./Radio/cc1101.o
 .debug_line    0x000010db      0x11f ./Common/os/ports/common/ARMCMx/nvic.o
 .debug_line    0x000011fa       0xcc ./Common/os/ports/GCC/ARMCMx/STM32L1xx/vectors.o
 .debug_line    0x000012c6      0x230 ./Common/os/ports/GCC/ARMCMx/chcore_v7m.o
 .debug_line    0x000014f6      0x139 ./Common/os/ports/GCC/ARMCMx/crt0.o
 .debug_line    0x0000162f      0x297 ./Common/os/kernel/src/chdebug.o
 .debug_line    0x000018c6      0x302 ./Common/os/kernel/src/chevents.o
 .debug_line    0x00001bc8      0x1c9 ./Common/os/kernel/src/chregistry.o
 .debug_line    0x00001d91      0x339 ./Common/os/kernel/src/chschd.o
 .debug_line    0x000020ca      0x38d ./Common/os/kernel/src/chsem.o
 .debug_line    0x00002457      0x1f1 ./Common/os/kernel/src/chsys.o
 .debug_line    0x00002648      0x34a ./Common/os/kernel/src/chthreads.o
 .debug_line    0x00002992      0x19f ./Common/os/kernel/src/chvt.o
 .debug_line    0x00002b31      0x12b ./Common/os/hal/src/hal.o
 .debug_line    0x00002c5c      0x181 ./Common/os/hal/platforms/STM32L1xx/hal_lld.o
 .debug_line    0x00002ddd      0x30d ./Common/os/hal/platforms/STM32L1xx/stm32_dma.o
 .debug_line    0x000030ea      0x2bc ./Common/kl_lib/clocking_L1xx.o
 .debug_line    0x000033a6      0x30e ./Common/kl_lib/cmd_uart.o
 .debug_line    0x000036b4      0x711 ./Common/kl_lib/kl_lib_L15x.o
 .debug_line    0x00003dc5      0x1c1 ./Common/kl_lib/kl_sprintf.o
 .debug_line    0x00003f86      0x35d ./Common/peripheral.o
 .debug_line    0x000042e3      0x32d ./Common/pill_mgr.o

.debug_str      0x00000000     0x4232
 .debug_str     0x00000000     0x1afb ./src/application.o
                               0x1cfe (size before relaxing)
 .debug_str     0x00001afb      0x62b ./src/main.o
                               0x1df7 (size before relaxing)
 .debug_str     0x00002126      0x201 ./src/radio_lvl1.o
                               0x1357 (size before relaxing)
 .debug_str     0x00002327      0x533 ./Radio/cc1101.o
                               0x1469 (size before relaxing)
 .debug_str     0x0000285a      0x1da ./Common/os/ports/common/ARMCMx/nvic.o
                                0x2c6 (size before relaxing)
 .debug_str     0x00002a34      0x179 ./Common/os/ports/GCC/ARMCMx/STM32L1xx/vectors.o
                                0x2f4 (size before relaxing)
 .debug_str     0x00002bad       0xf0 ./Common/os/ports/GCC/ARMCMx/chcore_v7m.o
                                0x4db (size before relaxing)
 .debug_str     0x00002c9d      0x14a ./Common/os/ports/GCC/ARMCMx/crt0.o
                                0x28e (size before relaxing)
 .debug_str     0x00002de7      0x159 ./Common/os/kernel/src/chdebug.o
                                0x50d (size before relaxing)
 .debug_str     0x00002f40      0x1a4 ./Common/os/kernel/src/chevents.o
                                0x4fd (size before relaxing)
 .debug_str     0x000030e4      0x161 ./Common/os/kernel/src/chregistry.o
                                0x46f (size before relaxing)
 .debug_str     0x00003245       0xbd ./Common/os/kernel/src/chschd.o
                                0x4d7 (size before relaxing)
 .debug_str     0x00003302       0xf8 ./Common/os/kernel/src/chsem.o
                                0x49f (size before relaxing)
 .debug_str     0x000033fa       0xa5 ./Common/os/kernel/src/chsys.o
                                0x58a (size before relaxing)
 .debug_str     0x0000349f      0x107 ./Common/os/kernel/src/chthreads.o
                                0x524 (size before relaxing)
 .debug_str     0x000035a6       0x68 ./Common/os/kernel/src/chvt.o
                                0x27f (size before relaxing)
 .debug_str     0x0000360e       0x54 ./Common/os/hal/src/hal.o
                                0x1db (size before relaxing)
 .debug_str     0x00003662       0x84 ./Common/os/hal/platforms/STM32L1xx/hal_lld.o
                                0x75c (size before relaxing)
 .debug_str     0x000036e6      0x144 ./Common/os/hal/platforms/STM32L1xx/stm32_dma.o
                                0x6e3 (size before relaxing)
 .debug_str     0x0000382a      0x12f ./Common/kl_lib/clocking_L1xx.o
                                0x8b4 (size before relaxing)
 .debug_str     0x00003959       0xd1 ./Common/kl_lib/cmd_uart.o
                                0xc7c (size before relaxing)
 .debug_str     0x00003a2a      0x663 ./Common/kl_lib/kl_lib_L15x.o
                               0x1a53 (size before relaxing)
 .debug_str     0x0000408d       0x92 ./Common/kl_lib/kl_sprintf.o
                                0x268 (size before relaxing)
 .debug_str     0x0000411f       0xb1 ./Common/peripheral.o
                                0xaf4 (size before relaxing)
 .debug_str     0x000041d0       0x62 ./Common/pill_mgr.o
                                0xc80 (size before relaxing)

.comment        0x00000000       0x70
 .comment       0x00000000       0x70 ./src/application.o
                                 0x71 (size before relaxing)
 .comment       0x00000000       0x71 ./src/main.o
 .comment       0x00000000       0x71 ./src/radio_lvl1.o
 .comment       0x00000000       0x71 ./Radio/cc1101.o
 .comment       0x00000000       0x71 ./Common/os/ports/common/ARMCMx/nvic.o
 .comment       0x00000000       0x71 ./Common/os/ports/GCC/ARMCMx/STM32L1xx/vectors.o
 .comment       0x00000000       0x71 ./Common/os/ports/GCC/ARMCMx/chcore_v7m.o
 .comment       0x00000000       0x71 ./Common/os/ports/GCC/ARMCMx/crt0.o
 .comment       0x00000000       0x71 ./Common/os/kernel/src/chdebug.o
 .comment       0x00000000       0x71 ./Common/os/kernel/src/chevents.o
 .comment       0x00000000       0x71 ./Common/os/kernel/src/chregistry.o
 .comment       0x00000000       0x71 ./Common/os/kernel/src/chschd.o
 .comment       0x00000000       0x71 ./Common/os/kernel/src/chsem.o
 .comment       0x00000000       0x71 ./Common/os/kernel/src/chsys.o
 .comment       0x00000000       0x71 ./Common/os/kernel/src/chthreads.o
 .comment       0x00000000       0x71 ./Common/os/kernel/src/chvt.o
 .comment       0x00000000       0x71 ./Common/os/hal/src/hal.o
 .comment       0x00000000       0x71 ./Common/os/hal/platforms/STM32L1xx/hal_lld.o
 .comment       0x00000000       0x71 ./Common/os/hal/platforms/STM32L1xx/stm32_dma.o
 .comment       0x00000000       0x71 ./Common/kl_lib/clocking_L1xx.o
 .comment       0x00000000       0x71 ./Common/kl_lib/cmd_uart.o
 .comment       0x00000000       0x71 ./Common/kl_lib/kl_lib_L15x.o
 .comment       0x00000000       0x71 ./Common/kl_lib/kl_sprintf.o
 .comment       0x00000000       0x71 ./Common/peripheral.o
 .comment       0x00000000       0x71 ./Common/pill_mgr.o

.ARM.attributes
                0x00000000       0x33
 .ARM.attributes
                0x00000000       0x33 ./src/application.o
 .ARM.attributes
                0x00000033       0x33 ./src/main.o
 .ARM.attributes
                0x00000066       0x33 ./src/radio_lvl1.o
 .ARM.attributes
                0x00000099       0x33 ./Radio/cc1101.o
 .ARM.attributes
                0x000000cc       0x33 ./Common/os/ports/common/ARMCMx/nvic.o
 .ARM.attributes
                0x000000ff       0x33 ./Common/os/ports/GCC/ARMCMx/STM32L1xx/vectors.o
 .ARM.attributes
                0x00000132       0x33 ./Common/os/ports/GCC/ARMCMx/chcore_v7m.o
 .ARM.attributes
                0x00000165       0x33 ./Common/os/ports/GCC/ARMCMx/crt0.o
 .ARM.attributes
                0x00000198       0x33 ./Common/os/kernel/src/chdebug.o
 .ARM.attributes
                0x000001cb       0x33 ./Common/os/kernel/src/chevents.o
 .ARM.attributes
                0x000001fe       0x33 ./Common/os/kernel/src/chregistry.o
 .ARM.attributes
                0x00000231       0x33 ./Common/os/kernel/src/chschd.o
 .ARM.attributes
                0x00000264       0x33 ./Common/os/kernel/src/chsem.o
 .ARM.attributes
                0x00000297       0x33 ./Common/os/kernel/src/chsys.o
 .ARM.attributes
                0x000002ca       0x33 ./Common/os/kernel/src/chthreads.o
 .ARM.attributes
                0x000002fd       0x33 ./Common/os/kernel/src/chvt.o
 .ARM.attributes
                0x00000330       0x33 ./Common/os/hal/src/hal.o
 .ARM.attributes
                0x00000363       0x33 ./Common/os/hal/platforms/STM32L1xx/hal_lld.o
 .ARM.attributes
                0x00000396       0x33 ./Common/os/hal/platforms/STM32L1xx/stm32_dma.o
 .ARM.attributes
                0x000003c9       0x33 ./Common/kl_lib/clocking_L1xx.o
 .ARM.attributes
                0x000003fc       0x33 ./Common/kl_lib/cmd_uart.o
 .ARM.attributes
                0x0000042f       0x33 ./Common/kl_lib/kl_lib_L15x.o
 .ARM.attributes
                0x00000462       0x33 ./Common/kl_lib/kl_sprintf.o
 .ARM.attributes
                0x00000495       0x33 ./Common/peripheral.o
 .ARM.attributes
                0x000004c8       0x33 ./Common/pill_mgr.o
 .ARM.attributes
                0x000004fb       0x2d c:/ostrannastudio/tools/gcc/bin/../lib/gcc/arm-none-eabi/4.8.3/../../../../arm-none-eabi/lib/armv7-m\libg.a(lib_a-memset.o)

.debug_frame    0x00000000     0x148c
 .debug_frame   0x00000000      0x160 ./src/application.o
 .debug_frame   0x00000160       0x3c ./src/main.o
 .debug_frame   0x0000019c       0x74 ./src/radio_lvl1.o
 .debug_frame   0x00000210      0x218 ./Radio/cc1101.o
 .debug_frame   0x00000428       0x54 ./Common/os/ports/common/ARMCMx/nvic.o
 .debug_frame   0x0000047c       0x20 ./Common/os/ports/GCC/ARMCMx/STM32L1xx/vectors.o
 .debug_frame   0x0000049c       0x98 ./Common/os/ports/GCC/ARMCMx/chcore_v7m.o
 .debug_frame   0x00000534       0x50 ./Common/os/ports/GCC/ARMCMx/crt0.o
 .debug_frame   0x00000584      0x110 ./Common/os/kernel/src/chdebug.o
 .debug_frame   0x00000694      0x18c ./Common/os/kernel/src/chevents.o
 .debug_frame   0x00000820       0x40 ./Common/os/kernel/src/chregistry.o
 .debug_frame   0x00000860      0x10c ./Common/os/kernel/src/chschd.o
 .debug_frame   0x0000096c      0x138 ./Common/os/kernel/src/chsem.o
 .debug_frame   0x00000aa4       0x5c ./Common/os/kernel/src/chsys.o
 .debug_frame   0x00000b00      0x154 ./Common/os/kernel/src/chthreads.o
 .debug_frame   0x00000c54       0x68 ./Common/os/kernel/src/chvt.o
 .debug_frame   0x00000cbc       0x20 ./Common/os/hal/src/hal.o
 .debug_frame   0x00000cdc       0x20 ./Common/os/hal/platforms/STM32L1xx/hal_lld.o
 .debug_frame   0x00000cfc      0x104 ./Common/os/hal/platforms/STM32L1xx/stm32_dma.o
 .debug_frame   0x00000e00      0x120 ./Common/kl_lib/clocking_L1xx.o
 .debug_frame   0x00000f20       0xac ./Common/kl_lib/cmd_uart.o
 .debug_frame   0x00000fcc      0x248 ./Common/kl_lib/kl_lib_L15x.o
 .debug_frame   0x00001214       0x54 ./Common/kl_lib/kl_sprintf.o
 .debug_frame   0x00001268      0x11c ./Common/peripheral.o
 .debug_frame   0x00001384       0xdc ./Common/pill_mgr.o
 .debug_frame   0x00001460       0x2c c:/ostrannastudio/tools/gcc/bin/../lib/gcc/arm-none-eabi/4.8.3/../../../../arm-none-eabi/lib/armv7-m\libg.a(lib_a-memset.o)
